xmvlog(64): 22.03-s012: (c) Copyright 1995-2023 Cadence Design Systems, Inc.
TOOL:	xmvlog(64)	22.03-s012: Started on Jul 09, 2026 at 06:21:55 KST
xmvlog
    -MESS
    -linedebug
    ./digtimer.v
    ./tb_timer.v

file: ./digtimer.v
	module work_lib.second
		errors: 0, warnings: 0
	module work_lib.minute
		errors: 0, warnings: 0
	module work_lib.hour
		errors: 0, warnings: 0
	module work_lib.seven_seg
		errors: 0, warnings: 0
	module work_lib.digit_ctrl
		errors: 0, warnings: 0
	module work_lib.digtimer
		errors: 0, warnings: 0
file: ./tb_timer.v
	module work_lib.tb_timer
		errors: 0, warnings: 0
TOOL:	xmvlog(64)	22.03-s012: Exiting on Jul 09, 2026 at 06:21:55 KST  (total: 00:00:00)
