============================================================
  Generated by:           Genus(TM) Synthesis Solution 22.17-s071_1
  Generated on:           Jul 14 2026  08:21:38 pm
  Module:                 ALU_4bit
  Operating conditions:   PVT_0P9V_125C (balanced_tree)
  Wireload mode:          enclosed
  Area mode:              timing library
============================================================

Timing
-------
  Cost    Critical         Violating 
 Group   Path Slack  TNS     Paths   
-------------------------------------
default    No paths   0.0            
-------------------------------------
Total                 0.0          0 

Instance Count
--------------
Leaf Instance Count             235 
Physical Instance count           0 
Sequential Instance Count         1 
Combinational Instance Count    234 
Hierarchical Instance Count       0 

Area
----
Cell Area                          360.810
Physical Cell Area                 0.000
Total Cell Area (Cell+Physical)    360.810
Net Area                           0.000
Total Area (Cell+Physical+Net)     360.810

Max Fanout                         16 (i_S[3])
Min Fanout                         1 (o_Cout)
Average Fanout                     2.6
Terms to net ratio                 3.5582
Terms to instance ratio            3.7702
Runtime                            40.034213 seconds
Elapsed Runtime                    41 seconds
Genus peak memory usage            1806.09 
Innovus peak memory usage          no_value 
Hostname                           localhost
