xmelab(64): 22.03-s012: (c) Copyright 1995-2023 Cadence Design Systems, Inc.
TOOL:	xmelab(64)	22.03-s012: Started on Jul 11, 2026 at 01:23:55 KST
xmelab
    -MESS
    -access rwc
    tb_mux_8_1

	Elaborating the design hierarchy:
		Caching library 'work_lib' ....... Done
	Building instance overlay tables: .................... Done
	Generating native compiled code:
		work_lib.tb_mux_8_1:module <0x675dfb36>
			streams:   4, words:  4824
	Building instance specific data structures.
	Loading native compiled code:     .................... Done
	Design hierarchy summary:
		              Instances  Unique
		Modules:              2       2
		Primitives:          12       3
		Registers:            2       2
		Expanded wires:      11       2
		Initial blocks:       2       2
		Pseudo assignments:   2       2
	Writing initial simulation snapshot: work_lib.tb_mux_8_1:module
TOOL:	xmelab(64)	22.03-s012: Exiting on Jul 11, 2026 at 01:23:55 KST  (total: 00:00:00)
