xmsim(64): 22.03-s012: (c) Copyright 1995-2023 Cadence Design Systems, Inc.
TOOL:	xmsim(64)	22.03-s012: Started on Jul 11, 2026 at 01:23:55 KST
xmsim
    -MESS
    tb_mux_8_1
    -gui

xmsim: *W,NOMTDGUI: Multi-Threaded Dumping is disabled for interactive debug mode.

-------------------------------------
Relinquished control to SimVision...
xcelium> 
xcelium> database -open waves -into waves.shm -default
Created default SHM database waves
xcelium> probe -create -shm tb_mux_8_1.o_out tb_mux_8_1.i_in tb_mux_8_1.i_s
Created probe 1
xcelium> run
Simulation complete via $finish(1) at time 80 NS + 0
./tb_mux_8_1.v:27 	$finish; 
xcelium> ^C
xcelium> exit
TOOL:	xmsim(64)	22.03-s012: Exiting on Jul 11, 2026 at 01:57:12 KST  (total: 00:33:17)
