xmelab(64): 22.03-s012: (c) Copyright 1995-2023 Cadence Design Systems, Inc.
TOOL:	xmelab(64)	22.03-s012: Started on Jul 07, 2026 at 02:09:23 KST
xmelab
    -MESS
    -access rwc
    tb_FSM2

	Elaborating the design hierarchy:
		Caching library 'work_lib' ....... Done
	Building instance overlay tables: .................... Done
	Generating native compiled code:
		work_lib.FSM2:module <0x45019dec>
			streams:  10, words:  4120
		work_lib.tb_FSM2:module <0x11c28dd3>
			streams:   6, words:  4315
	Building instance specific data structures.
	Loading native compiled code:     .................... Done
	Design hierarchy summary:
		             Instances  Unique
		Modules:             2       2
		Registers:           8       8
		Scalar wires:        6       -
		Always blocks:       3       3
		Initial blocks:      1       1
		Pseudo assignments:  4       4
	Writing initial simulation snapshot: work_lib.tb_FSM2:module
TOOL:	xmelab(64)	22.03-s012: Exiting on Jul 07, 2026 at 02:09:23 KST  (total: 00:00:00)
