xmelab(64): 22.03-s012: (c) Copyright 1995-2023 Cadence Design Systems, Inc.
TOOL:	xmelab(64)	22.03-s012: Started on Jul 02, 2026 at 00:37:58 KST
xmelab
    -MESS
    -access rwc
    tb_bidir_bus

	Elaborating the design hierarchy:
		Caching library 'work_lib' ....... Done
	Building instance overlay tables: .................... Done
	Generating native compiled code:
		work_lib.bidir_bus:module <0x4e4587a7>
			streams:   2, words:  1075
		work_lib.tb_bidir_bus:module <0x485d1ca0>
			streams:   7, words:  9404
	Building instance specific data structures.
	Loading native compiled code:     .................... Done
	Design hierarchy summary:
		             Instances  Unique
		Modules:             2       2
		Resolved nets:       0       1
		Registers:           5       5
		Scalar wires:        2       -
		Vectored wires:      5       -
		Always blocks:       1       1
		Initial blocks:      2       2
		Cont. assignments:   2       2
		Pseudo assignments:  3       3
	Writing initial simulation snapshot: work_lib.tb_bidir_bus:module
TOOL:	xmelab(64)	22.03-s012: Exiting on Jul 02, 2026 at 00:37:58 KST  (total: 00:00:00)
