xmsim(64): 22.03-s012: (c) Copyright 1995-2023 Cadence Design Systems, Inc.
xmsim: *W,NOMTDGUI: Multi-Threaded Dumping is disabled for interactive debug mode.

-------------------------------------
Relinquished control to SimVision...
xcelium> 
xcelium> database -open waves -into waves.shm -default
Created default SHM database waves
xcelium> probe -create -shm tb_fidivider.i_clk_in tb_fidivider.i_rstn tb_fidivider.o_clk_out
Created probe 1
xcelium> run
Time=5, clk_in=1, clk_out=x
Time=15, clk_in=1, clk_out=0
Time=25, clk_in=1, clk_out=0
Time=35, clk_in=1, clk_out=0
Time=45, clk_in=1, clk_out=0
Time=55, clk_in=1, clk_out=0
Time=65, clk_in=1, clk_out=0
Time=75, clk_in=1, clk_out=1
Time=85, clk_in=1, clk_out=1
Time=95, clk_in=1, clk_out=1
Time=105, clk_in=1, clk_out=1
Time=115, clk_in=1, clk_out=1
Time=125, clk_in=1, clk_out=0
Time=135, clk_in=1, clk_out=0
Time=145, clk_in=1, clk_out=0
Time=155, clk_in=1, clk_out=0
Time=165, clk_in=1, clk_out=0
Time=175, clk_in=1, clk_out=1
Time=185, clk_in=1, clk_out=1
Time=195, clk_in=1, clk_out=1
Time=205, clk_in=1, clk_out=1
Time=215, clk_in=1, clk_out=1
Time=225, clk_in=1, clk_out=0
Time=235, clk_in=1, clk_out=0
Time=245, clk_in=1, clk_out=0
Time=255, clk_in=1, clk_out=0
Time=265, clk_in=1, clk_out=0
Time=275, clk_in=1, clk_out=1
Time=285, clk_in=1, clk_out=1
Time=295, clk_in=1, clk_out=1
Time=305, clk_in=1, clk_out=1
Time=315, clk_in=1, clk_out=1
Time=325, clk_in=1, clk_out=0
Time=335, clk_in=1, clk_out=0
Time=345, clk_in=1, clk_out=0
Time=355, clk_in=1, clk_out=0
Time=365, clk_in=1, clk_out=0
Time=375, clk_in=1, clk_out=1
Time=385, clk_in=1, clk_out=1
Time=395, clk_in=1, clk_out=1
Time=405, clk_in=1, clk_out=1
Time=415, clk_in=1, clk_out=1
Time=425, clk_in=1, clk_out=0
Time=435, clk_in=1, clk_out=0
Time=445, clk_in=1, clk_out=0
Time=455, clk_in=1, clk_out=0
Time=465, clk_in=1, clk_out=0
Time=475, clk_in=1, clk_out=1
Time=485, clk_in=1, clk_out=1
Time=495, clk_in=1, clk_out=1
Time=505, clk_in=1, clk_out=1
Time=515, clk_in=1, clk_out=1
Time=525, clk_in=1, clk_out=0
Time=535, clk_in=1, clk_out=0
Time=545, clk_in=1, clk_out=0
Time=555, clk_in=1, clk_out=0
Time=565, clk_in=1, clk_out=0
Time=575, clk_in=1, clk_out=1
Time=585, clk_in=1, clk_out=1
Time=595, clk_in=1, clk_out=1
Time=605, clk_in=1, clk_out=1
Time=615, clk_in=1, clk_out=1
Time=625, clk_in=1, clk_out=0
Time=635, clk_in=1, clk_out=0
Time=645, clk_in=1, clk_out=0
Time=655, clk_in=1, clk_out=0
Time=665, clk_in=1, clk_out=0
Time=675, clk_in=1, clk_out=1
Time=685, clk_in=1, clk_out=1
Time=695, clk_in=1, clk_out=1
Time=705, clk_in=1, clk_out=1
Time=715, clk_in=1, clk_out=1
Time=725, clk_in=1, clk_out=0
Time=735, clk_in=1, clk_out=0
Time=745, clk_in=1, clk_out=0
Time=755, clk_in=1, clk_out=0
Time=765, clk_in=1, clk_out=0
Time=775, clk_in=1, clk_out=1
Time=785, clk_in=1, clk_out=1
Time=795, clk_in=1, clk_out=1
Time=805, clk_in=1, clk_out=1
Time=815, clk_in=1, clk_out=1
Time=825, clk_in=1, clk_out=0
Time=835, clk_in=1, clk_out=0
Time=845, clk_in=1, clk_out=0
Time=855, clk_in=1, clk_out=0
Time=865, clk_in=1, clk_out=0
Time=875, clk_in=1, clk_out=1
Time=885, clk_in=1, clk_out=1
Time=895, clk_in=1, clk_out=1
Time=905, clk_in=1, clk_out=1
Time=915, clk_in=1, clk_out=1
Time=925, clk_in=1, clk_out=0
Time=935, clk_in=1, clk_out=0
Time=945, clk_in=1, clk_out=0
Time=955, clk_in=1, clk_out=0
Time=965, clk_in=1, clk_out=0
Time=975, clk_in=1, clk_out=1
Time=985, clk_in=1, clk_out=1
Time=995, clk_in=1, clk_out=1
Time=1005, clk_in=1, clk_out=1
Time=1015, clk_in=1, clk_out=1
Time=1025, clk_in=1, clk_out=0
Time=1035, clk_in=1, clk_out=0
Time=1045, clk_in=1, clk_out=0
Time=1055, clk_in=1, clk_out=0
Time=1065, clk_in=1, clk_out=0
Time=1075, clk_in=1, clk_out=1
Time=1085, clk_in=1, clk_out=1
Time=1095, clk_in=1, clk_out=1
Time=1105, clk_in=1, clk_out=1
Time=1115, clk_in=1, clk_out=1
Time=1125, clk_in=1, clk_out=0
Time=1135, clk_in=1, clk_out=0
Time=1145, clk_in=1, clk_out=0
Time=1155, clk_in=1, clk_out=0
Time=1165, clk_in=1, clk_out=0
Time=1175, clk_in=1, clk_out=1
Time=1185, clk_in=1, clk_out=1
Time=1195, clk_in=1, clk_out=1
Time=1205, clk_in=1, clk_out=1
Time=1215, clk_in=1, clk_out=1
Time=1225, clk_in=1, clk_out=0
Time=1235, clk_in=1, clk_out=0
Time=1245, clk_in=1, clk_out=0
Time=1255, clk_in=1, clk_out=0
Time=1265, clk_in=1, clk_out=0
Time=1275, clk_in=1, clk_out=1
Time=1285, clk_in=1, clk_out=1
Time=1295, clk_in=1, clk_out=1
Time=1305, clk_in=1, clk_out=1
Time=1315, clk_in=1, clk_out=1
Time=1325, clk_in=1, clk_out=0
Time=1335, clk_in=1, clk_out=0
Time=1345, clk_in=1, clk_out=0
Time=1355, clk_in=1, clk_out=0
Time=1365, clk_in=1, clk_out=0
Time=1375, clk_in=1, clk_out=1
Time=1385, clk_in=1, clk_out=1
Time=1395, clk_in=1, clk_out=1
Time=1405, clk_in=1, clk_out=1
Time=1415, clk_in=1, clk_out=1
Time=1425, clk_in=1, clk_out=0
Time=1435, clk_in=1, clk_out=0
Time=1445, clk_in=1, clk_out=0
Time=1455, clk_in=1, clk_out=0
Time=1465, clk_in=1, clk_out=0
Time=1475, clk_in=1, clk_out=1
Time=1485, clk_in=1, clk_out=1
Time=1495, clk_in=1, clk_out=1
Time=1505, clk_in=1, clk_out=1
Time=1515, clk_in=1, clk_out=1
Time=1525, clk_in=1, clk_out=0
Time=1535, clk_in=1, clk_out=0
Time=1545, clk_in=1, clk_out=0
Time=1555, clk_in=1, clk_out=0
Time=1565, clk_in=1, clk_out=0
Time=1575, clk_in=1, clk_out=1
Time=1585, clk_in=1, clk_out=1
Time=1595, clk_in=1, clk_out=1
Time=1605, clk_in=1, clk_out=1
Time=1615, clk_in=1, clk_out=1
Time=1625, clk_in=1, clk_out=0
Time=1635, clk_in=1, clk_out=0
Time=1645, clk_in=1, clk_out=0
Time=1655, clk_in=1, clk_out=0
Time=1665, clk_in=1, clk_out=0
Time=1675, clk_in=1, clk_out=1
Time=1685, clk_in=1, clk_out=1
Time=1695, clk_in=1, clk_out=1
Time=1705, clk_in=1, clk_out=1
Time=1715, clk_in=1, clk_out=1
Time=1725, clk_in=1, clk_out=0
Time=1735, clk_in=1, clk_out=0
Time=1745, clk_in=1, clk_out=0
Time=1755, clk_in=1, clk_out=0
Time=1765, clk_in=1, clk_out=0
Time=1775, clk_in=1, clk_out=1
Time=1785, clk_in=1, clk_out=1
Time=1795, clk_in=1, clk_out=1
Time=1805, clk_in=1, clk_out=1
Time=1815, clk_in=1, clk_out=1
Time=1825, clk_in=1, clk_out=0
Time=1835, clk_in=1, clk_out=0
Time=1845, clk_in=1, clk_out=0
Time=1855, clk_in=1, clk_out=0
Time=1865, clk_in=1, clk_out=0
Time=1875, clk_in=1, clk_out=1
Time=1885, clk_in=1, clk_out=1
Time=1895, clk_in=1, clk_out=1
Time=1905, clk_in=1, clk_out=1
Time=1915, clk_in=1, clk_out=1
Time=1925, clk_in=1, clk_out=0
Time=1935, clk_in=1, clk_out=0
Time=1945, clk_in=1, clk_out=0
Time=1955, clk_in=1, clk_out=0
Time=1965, clk_in=1, clk_out=0
Time=1975, clk_in=1, clk_out=1
Time=1985, clk_in=1, clk_out=1
Time=1995, clk_in=1, clk_out=1
Time=2005, clk_in=1, clk_out=1
Time=2015, clk_in=1, clk_out=1
Simulation complete via $finish(1) at time 2015 NS + 0
./tb_fidivider.v:27 	$finish;
xcelium> ^C
xcelium> exit
