xmelab(64): 22.03-s012: (c) Copyright 1995-2023 Cadence Design Systems, Inc.
TOOL:	xmelab(64)	22.03-s012: Started on Jul 07, 2026 at 02:25:59 KST
xmelab
    -MESS
    -access rwc
    tb_FSM3

	Elaborating the design hierarchy:
		Caching library 'work_lib' ....... Done
	Building instance overlay tables: .................... Done
	Generating native compiled code:
		work_lib.FSM3:module <0x705b2d3e>
			streams:  16, words:  5710
		work_lib.tb_FSM3:module <0x101ce44e>
			streams:   6, words:  4315
	Building instance specific data structures.
	Loading native compiled code:     .................... Done
	Design hierarchy summary:
		             Instances  Unique
		Modules:             2       2
		Registers:           8       8
		Scalar wires:        6       -
		Always blocks:       4       4
		Initial blocks:      1       1
		Pseudo assignments:  4       4
	Writing initial simulation snapshot: work_lib.tb_FSM3:module
TOOL:	xmelab(64)	22.03-s012: Exiting on Jul 07, 2026 at 02:25:59 KST  (total: 00:00:00)
