#-----------------------------------------------------------
# xsim v2024.2 (64-bit)
# SW Build 5239630 on Fri Nov 08 22:34:34 MST 2024
# IP Build 5239520 on Sun Nov 10 16:12:51 MST 2024
# SharedData Build 5239561 on Fri Nov 08 14:39:27 MST 2024
# Start of session at: Wed Aug 19 20:32:35 2026
# Process ID         : 3879
# Current directory  : /home/sean/Basic_SoC_implementation/1_RTL/1_TASK/2_SYSTEM_DESIGN/30_Interrupt_Control
# Command line       : xsim -mode tcl -source {xsim.dir/testbench/xsim_script.tcl}
# Log file           : /home/sean/Basic_SoC_implementation/1_RTL/1_TASK/2_SYSTEM_DESIGN/30_Interrupt_Control/xsim.log
# Journal file       : /home/sean/Basic_SoC_implementation/1_RTL/1_TASK/2_SYSTEM_DESIGN/30_Interrupt_Control/xsim.jou
# Running On         : BOOK-3GSAOKNJKI
# Platform           : Ubuntu
# Operating System   : Ubuntu 22.04.5 LTS
# Processor Detail   : 12th Gen Intel(R) Core(TM) i7-1255U
# CPU Frequency      : 2611.211 MHz
# CPU Physical cores : 6
# CPU Logical cores  : 12
# Host memory        : 12386 MB
# Swap memory        : 3221 MB
# Total Virtual      : 15607 MB
# Available Virtual  : 14983 MB
#-----------------------------------------------------------
source xsim.dir/testbench/xsim_script.tcl
# xsim {testbench} -autoloadwcfg -runall
Time resolution is 1 ps
run -all
WARNING: File descriptor (-20000) passed to $fdisplay is not valid. Please compile the design with -debug for source location information.
WARNING: File descriptor (-20000) passed to $fdisplay is not valid. Please compile the design with -debug for source location information.
WARNING: File descriptor (-20000) passed to $fdisplay is not valid. Please compile the design with -debug for source location information.
WARNING: File descriptor (-20000) passed to $fdisplay is not valid. Please compile the design with -debug for source location information.
WARNING: File descriptor (-20000) passed to $fdisplay is not valid. Please compile the design with -debug for source location information.
$finish called at time : 225 ns : File "/home/sean/Basic_SoC_implementation/1_RTL/1_TASK/2_SYSTEM_DESIGN/30_Interrupt_Control/testbench.v" Line 51
exit
INFO: [Common 17-206] Exiting xsim at Wed Aug 19 20:32:37 2026...
