#-----------------------------------------------------------
# xsim v2024.2 (64-bit)
# SW Build 5239630 on Fri Nov 08 22:34:34 MST 2024
# IP Build 5239520 on Sun Nov 10 16:12:51 MST 2024
# SharedData Build 5239561 on Fri Nov 08 14:39:27 MST 2024
# Start of session at: Fri Jul 31 16:02:15 2026
# Process ID         : 7006
# Current directory  : /home/sean/Basic_SoC_implementation/1_RTL/1_TASK/2_SYSTEM_DESIGN/30_Interrupt_Control
# Command line       : xsim -source {xsim.dir/work.testbench/xsim_script.tcl}
# Log file           : /home/sean/Basic_SoC_implementation/1_RTL/1_TASK/2_SYSTEM_DESIGN/30_Interrupt_Control/xsim.log
# Journal file       : /home/sean/Basic_SoC_implementation/1_RTL/1_TASK/2_SYSTEM_DESIGN/30_Interrupt_Control/xsim.jou
# Running On         : BOOK-3GSAOKNJKI
# Platform           : Ubuntu
# Operating System   : Ubuntu 22.04.5 LTS
# Processor Detail   : 12th Gen Intel(R) Core(TM) i7-1255U
# CPU Frequency      : 2611.209 MHz
# CPU Physical cores : 6
# CPU Logical cores  : 12
# Host memory        : 12386 MB
# Swap memory        : 3221 MB
# Total Virtual      : 15607 MB
# Available Virtual  : 14997 MB
#-----------------------------------------------------------
start_gui
WARNING: [Board 49-26] cannot add Board Part xilinx.com:zcu208ld:part0:2.0 available at /home/sean/Vivado/2024.2/data/xhub/boards/XilinxBoardStore/boards/Xilinx/zcu208ld/production/2.0/board.xml as part xczu58dr-fsvg1517-2-i specified in board_part file is either invalid or not available
WARNING: [Board 49-26] cannot add Board Part xilinx.com:zcu216ld:part0:2.0 available at /home/sean/Vivado/2024.2/data/xhub/boards/XilinxBoardStore/boards/Xilinx/zcu216ld/production/2.0/board.xml as part xczu59dr-ffvf1760-2-i specified in board_part file is either invalid or not available
WARNING: [Board 49-26] cannot add Board Part xilinx.com:zcu670ld:part0:1.0 available at /home/sean/Vivado/2024.2/data/xhub/boards/XilinxBoardStore/boards/Xilinx/zcu670ld/1.0/board.xml as part xczu57dr-fsve1156-2-i specified in board_part file is either invalid or not available
ERROR: [Common 17-190] Invalid Tcl eval of 'exit' during processing of event '338'.
source xsim.dir/work.testbench/xsim_script.tcl
# set_param project.enableReportConfiguration 0
# load_feature core
# current_fileset
INFO: [IP_Flow 19-234] Refreshing IP repositories
INFO: [IP_Flow 19-1704] No user IP repositories specified
INFO: [IP_Flow 19-2313] Loaded Vivado IP repository '/home/sean/Vivado/2024.2/data/ip'.
# xsim {work.testbench} -wdb {sim_tb.wdb} -autoloadwcfg -tclbatch {sgdh_sim.tcl}
INFO: [Common 17-41] Interrupt caught. Command should exit soon.
Time resolution is 1 ps
source sgdh_sim.tcl
INFO: [Common 17-344] 'source' was cancelled
close_sim
INFO: [Simtcl 6-16] Simulation closed
exit
INFO: [Common 17-206] Exiting xsim at Fri Jul 31 16:02:34 2026...
