xmelab(64): 22.03-s012: (c) Copyright 1995-2023 Cadence Design Systems, Inc.
TOOL:	xmelab(64)	22.03-s012: Started on Jul 01, 2026 at 23:29:10 KST
xmelab
    -MESS
    -access rwc
    tb_data_bus_driver

	Elaborating the design hierarchy:
		Caching library 'work_lib' ....... Done
	Building instance overlay tables: .................... Done
	Generating native compiled code:
		work_lib.data_bus_driver:module <0x2f92044b>
			streams:   1, words:   944
		work_lib.tb_data_bus_driver:module <0x770cf20d>
			streams:  19, words: 10950
	Building instance specific data structures.
	Loading native compiled code:     .................... Done
	Design hierarchy summary:
		             Instances  Unique
		Modules:             2       2
		Registers:           5       5
		Scalar wires:        2       -
		Vectored wires:      3       -
		Always blocks:       1       1
		Initial blocks:      2       2
		Pseudo assignments:  4       4
	Writing initial simulation snapshot: work_lib.tb_data_bus_driver:module
TOOL:	xmelab(64)	22.03-s012: Exiting on Jul 01, 2026 at 23:29:10 KST  (total: 00:00:00)
