#-----------------------------------------------------------
# Vivado v2024.2 (64-bit)
# SW Build 5239630 on Fri Nov 08 22:34:34 MST 2024
# IP Build 5239520 on Sun Nov 10 16:12:51 MST 2024
# SharedData Build 5239561 on Fri Nov 08 14:39:27 MST 2024
# Start of session at: Wed Jul  8 00:29:19 2026
# Process ID         : 4594
# Current directory  : /home/sean/Basic_SoC_implementation/1_RTL/1_TASK/1_GateLevel/4_4bit_Subtractor
# Command line       : vivado -mode gui -source schematic.tcl
# Log file           : /home/sean/Basic_SoC_implementation/1_RTL/1_TASK/1_GateLevel/4_4bit_Subtractor/vivado.log
# Journal file       : /home/sean/Basic_SoC_implementation/1_RTL/1_TASK/1_GateLevel/4_4bit_Subtractor/vivado.jou
# Running On         : BOOK-3GSAOKNJKI
# Platform           : Ubuntu
# Operating System   : Ubuntu 22.04.5 LTS
# Processor Detail   : 12th Gen Intel(R) Core(TM) i7-1255U
# CPU Frequency      : 2611.211 MHz
# CPU Physical cores : 6
# CPU Logical cores  : 12
# Host memory        : 12386 MB
# Swap memory        : 3221 MB
# Total Virtual      : 15607 MB
# Available Virtual  : 15041 MB
#-----------------------------------------------------------
start_gui
WARNING: [Board 49-26] cannot add Board Part xilinx.com:zcu208ld:part0:2.0 available at /home/sean/Vivado/2024.2/data/xhub/boards/XilinxBoardStore/boards/Xilinx/zcu208ld/production/2.0/board.xml as part xczu58dr-fsvg1517-2-i specified in board_part file is either invalid or not available
WARNING: [Board 49-26] cannot add Board Part xilinx.com:zcu216ld:part0:2.0 available at /home/sean/Vivado/2024.2/data/xhub/boards/XilinxBoardStore/boards/Xilinx/zcu216ld/production/2.0/board.xml as part xczu59dr-ffvf1760-2-i specified in board_part file is either invalid or not available
WARNING: [Board 49-26] cannot add Board Part xilinx.com:zcu670ld:part0:1.0 available at /home/sean/Vivado/2024.2/data/xhub/boards/XilinxBoardStore/boards/Xilinx/zcu670ld/1.0/board.xml as part xczu57dr-fsve1156-2-i specified in board_part file is either invalid or not available
source schematic.tcl
# set top_module $env(TOP)
# read_verilog [glob *.v]
INFO: [IP_Flow 19-234] Refreshing IP repositories
INFO: [IP_Flow 19-1704] No user IP repositories specified
INFO: [IP_Flow 19-2313] Loaded Vivado IP repository '/home/sean/Vivado/2024.2/data/ip'.
# synth_design -rtl -top $top_module
Command: synth_design -rtl -top sub_4bit
Starting synth_design
Using part: xc7vx485tffg1157-1
INFO: [Device 21-403] Loading part xc7vx485tffg1157-1
INFO: [Synth 8-7079] Multithreading enabled for synth_design using a maximum of 7 processes.
INFO: [Synth 8-7078] Launching helper process for spawning children vivado processes
INFO: [Synth 8-7075] Helper process launched with PID 4683
---------------------------------------------------------------------------------
Starting RTL Elaboration : Time (s): cpu = 00:00:03 ; elapsed = 00:00:03 . Memory (MB): peak = 8349.629 ; gain = 421.703 ; free physical = 7844 ; free virtual = 12608
---------------------------------------------------------------------------------
INFO: [Synth 8-6157] synthesizing module 'sub_4bit' [/home/sean/Basic_SoC_implementation/1_RTL/1_TASK/1_GateLevel/4_4bit_Subtractor/sub_4bit.v:1]
INFO: [Synth 8-6155] done synthesizing module 'sub_4bit' (0#1) [/home/sean/Basic_SoC_implementation/1_RTL/1_TASK/1_GateLevel/4_4bit_Subtractor/sub_4bit.v:1]
---------------------------------------------------------------------------------
Finished RTL Elaboration : Time (s): cpu = 00:00:04 ; elapsed = 00:00:04 . Memory (MB): peak = 8419.598 ; gain = 491.672 ; free physical = 7788 ; free virtual = 12555
---------------------------------------------------------------------------------
---------------------------------------------------------------------------------
Start Handling Custom Attributes
---------------------------------------------------------------------------------
---------------------------------------------------------------------------------
Finished Handling Custom Attributes : Time (s): cpu = 00:00:04 ; elapsed = 00:00:04 . Memory (MB): peak = 8434.441 ; gain = 506.516 ; free physical = 7787 ; free virtual = 12554
---------------------------------------------------------------------------------
---------------------------------------------------------------------------------
Finished RTL Optimization Phase 1 : Time (s): cpu = 00:00:04 ; elapsed = 00:00:04 . Memory (MB): peak = 8434.441 ; gain = 506.516 ; free physical = 7787 ; free virtual = 12554
---------------------------------------------------------------------------------
Netlist sorting complete. Time (s): cpu = 00:00:00 ; elapsed = 00:00:00 . Memory (MB): peak = 8434.449 ; gain = 0.000 ; free physical = 7787 ; free virtual = 12554
INFO: [Project 1-570] Preparing netlist for logic optimization

Processing XDC Constraints
Initializing timing engine
Completed Processing XDC Constraints

INFO: [Opt 31-138] Pushed 0 inverter(s) to 0 load pin(s).
Netlist sorting complete. Time (s): cpu = 00:00:00 ; elapsed = 00:00:00 . Memory (MB): peak = 8545.148 ; gain = 0.000 ; free physical = 7937 ; free virtual = 12715
INFO: [Project 1-111] Unisim Transformation Summary:
No Unisim elements were transformed.

RTL Elaboration Complete:  : Time (s): cpu = 00:00:15 ; elapsed = 00:00:08 . Memory (MB): peak = 8840.602 ; gain = 912.676 ; free physical = 7673 ; free virtual = 12468
9 Infos, 0 Warnings, 0 Critical Warnings and 0 Errors encountered.
synth_design completed successfully
synth_design: Time (s): cpu = 00:00:22 ; elapsed = 00:00:15 . Memory (MB): peak = 8840.602 ; gain = 1332.395 ; free physical = 7673 ; free virtual = 12468
INFO: [Common 17-2834] synth_design peak Physical Memory [PSS] (MB): overall = 2513.267; main = 2513.267; forked = 0.000
INFO: [Common 17-2834] synth_design peak Virtual Memory [VSS] (MB): overall = 8840.602; main = 8840.602; forked = 0.000
# show_schematic
ERROR: [Common 17-163] Missing value for option 'objects', please type 'show_schematic -help' for usage info.
exit
INFO: [Common 17-206] Exiting Vivado at Wed Jul  8 00:30:07 2026...
