#-----------------------------------------------------------
# Vivado v2024.2 (64-bit)
# SW Build 5239630 on Fri Nov 08 22:34:34 MST 2024
# IP Build 5239520 on Sun Nov 10 16:12:51 MST 2024
# SharedData Build 5239561 on Fri Nov 08 14:39:27 MST 2024
# Start of session at: Tue Jul 14 23:46:26 2026
# Process ID         : 1785
# Current directory  : /home/sean/Basic_SoC_implementation/1_RTL/1_TASK/1_LOGIC_CIRCUIT/dataflow
# Command line       : vivado -source schematic.tcl
# Log file           : /home/sean/Basic_SoC_implementation/1_RTL/1_TASK/1_LOGIC_CIRCUIT/dataflow/vivado.log
# Journal file       : /home/sean/Basic_SoC_implementation/1_RTL/1_TASK/1_LOGIC_CIRCUIT/dataflow/vivado.jou
# Running On         : BOOK-3GSAOKNJKI
# Platform           : Ubuntu
# Operating System   : Ubuntu 22.04.5 LTS
# Processor Detail   : 12th Gen Intel(R) Core(TM) i7-1255U
# CPU Frequency      : 2611.211 MHz
# CPU Physical cores : 6
# CPU Logical cores  : 12
# Host memory        : 12386 MB
# Swap memory        : 3221 MB
# Total Virtual      : 15607 MB
# Available Virtual  : 14683 MB
#-----------------------------------------------------------
start_gui
source schematic.tcl
WARNING: [Board 49-26] cannot add Board Part xilinx.com:zcu208ld:part0:2.0 available at /home/sean/Vivado/2024.2/data/xhub/boards/XilinxBoardStore/boards/Xilinx/zcu208ld/production/2.0/board.xml as part xczu58dr-fsvg1517-2-i specified in board_part file is either invalid or not available
# create_project project_sgdh_schematic ./project_sgdh_schematic -part xc7z020clg400-1
WARNING: [Board 49-26] cannot add Board Part xilinx.com:zcu216ld:part0:2.0 available at /home/sean/Vivado/2024.2/data/xhub/boards/XilinxBoardStore/boards/Xilinx/zcu216ld/production/2.0/board.xml as part xczu59dr-ffvf1760-2-i specified in board_part file is either invalid or not available
WARNING: [Board 49-26] cannot add Board Part xilinx.com:zcu670ld:part0:1.0 available at /home/sean/Vivado/2024.2/data/xhub/boards/XilinxBoardStore/boards/Xilinx/zcu670ld/1.0/board.xml as part xczu57dr-fsve1156-2-i specified in board_part file is either invalid or not available
INFO: [IP_Flow 19-234] Refreshing IP repositories
INFO: [IP_Flow 19-1704] No user IP repositories specified
INFO: [IP_Flow 19-2313] Loaded Vivado IP repository '/home/sean/Vivado/2024.2/data/ip'.
no files matched glob pattern "./design/*.v"
    while executing
"glob ./design/*.v "
    invoked from within
"read_verilog [ glob ./design/*.v ]"
    (file "schematic.tcl" line 4)
exit
INFO: [Common 17-206] Exiting Vivado at Tue Jul 14 23:47:04 2026...
