#-----------------------------------------------------------
# xsim v2024.2 (64-bit)
# SW Build 5239630 on Fri Nov 08 22:34:34 MST 2024
# IP Build 5239520 on Sun Nov 10 16:12:51 MST 2024
# SharedData Build 5239561 on Fri Nov 08 14:39:27 MST 2024
# Start of session at: Wed Aug 19 13:12:39 2026
# Process ID         : 8888
# Current directory  : /home/sean/Basic_SoC_implementation/1_RTL/1_TASK/1_LOGIC_CIRCUIT/behavior/11_Module
# Command line       : xsim -source {xsim.dir/work.testbench/xsim_script.tcl}
# Log file           : /home/sean/Basic_SoC_implementation/1_RTL/1_TASK/1_LOGIC_CIRCUIT/behavior/11_Module/xsim.log
# Journal file       : /home/sean/Basic_SoC_implementation/1_RTL/1_TASK/1_LOGIC_CIRCUIT/behavior/11_Module/xsim.jou
# Running On         : BOOK-3GSAOKNJKI
# Platform           : Ubuntu
# Operating System   : Ubuntu 22.04.5 LTS
# Processor Detail   : 12th Gen Intel(R) Core(TM) i7-1255U
# CPU Frequency      : 2611.211 MHz
# CPU Physical cores : 6
# CPU Logical cores  : 12
# Host memory        : 12386 MB
# Swap memory        : 3221 MB
# Total Virtual      : 15607 MB
# Available Virtual  : 15018 MB
#-----------------------------------------------------------
start_gui
WARNING: [Board 49-26] cannot add Board Part xilinx.com:zcu208ld:part0:2.0 available at /home/sean/Vivado/2024.2/data/xhub/boards/XilinxBoardStore/boards/Xilinx/zcu208ld/production/2.0/board.xml as part xczu58dr-fsvg1517-2-i specified in board_part file is either invalid or not available
WARNING: [Board 49-26] cannot add Board Part xilinx.com:zcu216ld:part0:2.0 available at /home/sean/Vivado/2024.2/data/xhub/boards/XilinxBoardStore/boards/Xilinx/zcu216ld/production/2.0/board.xml as part xczu59dr-ffvf1760-2-i specified in board_part file is either invalid or not available
WARNING: [Board 49-26] cannot add Board Part xilinx.com:zcu670ld:part0:1.0 available at /home/sean/Vivado/2024.2/data/xhub/boards/XilinxBoardStore/boards/Xilinx/zcu670ld/1.0/board.xml as part xczu57dr-fsve1156-2-i specified in board_part file is either invalid or not available
source xsim.dir/work.testbench/xsim_script.tcl
# set_param project.enableReportConfiguration 0
# load_feature core
# current_fileset
INFO: [IP_Flow 19-234] Refreshing IP repositories
INFO: [IP_Flow 19-1704] No user IP repositories specified
INFO: [IP_Flow 19-2313] Loaded Vivado IP repository '/home/sean/Vivado/2024.2/data/ip'.
# xsim {work.testbench} -wdb {sim_tb.wdb} -autoloadwcfg -tclbatch {sean_sim.tcl}
Time resolution is 1 ps
source sean_sim.tcl
## create_wave_config
## add_wave /testbench/mux_2to1_sel
ERROR: [Wavedata 42-471] Note: Nothing was found for the following items: /testbench/mux_2to1_sel . If this is not expected, then this item might have been removed in one of the optimizations. Please elborate the design with '-deubg all' to avoid this.
ERROR: [Common 17-39] 'add_wave' failed due to earlier errors.

    while executing
"add_wave /testbench/mux_2to1_sel"
    (file "sean_sim.tcl" line 5)
close_sim
INFO: [Simtcl 6-16] Simulation closed
exit
INFO: [Common 17-206] Exiting xsim at Wed Aug 19 13:13:02 2026...
