xmelab(64): 22.03-s012: (c) Copyright 1995-2023 Cadence Design Systems, Inc.
TOOL:	xmelab(64)	22.03-s012: Started on Jul 07, 2026 at 01:46:45 KST
xmelab
    -MESS
    -access rwc
    tb_FSM1

	Elaborating the design hierarchy:
		Caching library 'work_lib' ....... Done
	Building instance overlay tables: .................... Done
	Generating native compiled code:
		work_lib.FSM1:module <0x54cabc92>
			streams:   6, words:  2807
		work_lib.tb_FSM1:module <0x24b0b148>
			streams:   6, words:  4315
	Building instance specific data structures.
	Loading native compiled code:     .................... Done
	Design hierarchy summary:
		             Instances  Unique
		Modules:             2       2
		Registers:           6       6
		Scalar wires:        8       -
		Always blocks:       3       3
		Initial blocks:      1       1
		Cont. assignments:   2       2
		Pseudo assignments:  4       4
	Writing initial simulation snapshot: work_lib.tb_FSM1:module
TOOL:	xmelab(64)	22.03-s012: Exiting on Jul 07, 2026 at 01:46:45 KST  (total: 00:00:00)
