============================================================
  Generated by:           Genus(TM) Synthesis Solution 22.17-s071_1
  Generated on:           Jul 08 2026  02:44:57 am
  Module:                 bcd_to_7seg
  Operating conditions:   PVT_0P9V_125C (balanced_tree)
  Wireload mode:          enclosed
  Area mode:              timing library
============================================================

Timing
-------
  Cost    Critical         Violating 
 Group   Path Slack  TNS     Paths   
-------------------------------------
default    No paths   0.0            
-------------------------------------
Total                 0.0          0 

Instance Count
--------------
Leaf Instance Count             26 
Physical Instance count          0 
Sequential Instance Count        7 
Combinational Instance Count    19 
Hierarchical Instance Count      0 

Area
----
Cell Area                          62.586
Physical Cell Area                 0.000
Total Cell Area (Cell+Physical)    62.586
Net Area                           0.000
Total Area (Cell+Physical+Net)     62.586

Max Fanout                         7 (n_19)
Min Fanout                         1 (o_output[0])
Average Fanout                     2.2
Terms to net ratio                 3.1000
Terms to instance ratio            3.5769
Runtime                            19.861162 seconds
Elapsed Runtime                    21 seconds
Genus peak memory usage            1775.38 
Innovus peak memory usage          no_value 
Hostname                           localhost
