#-----------------------------------------------------------
# Vivado v2024.2 (64-bit)
# SW Build 5239630 on Fri Nov 08 22:34:34 MST 2024
# IP Build 5239520 on Sun Nov 10 16:12:51 MST 2024
# SharedData Build 5239561 on Fri Nov 08 14:39:27 MST 2024
# Start of session at: Sun Sep 27 17:10:09 2026
# Process ID         : 106535
# Current directory  : /home/sean/Basic_SoC_implementation/1_RTL/2_TINY_PROJECT/UART
# Command line       : vivado -mode batch -source ./build_program_fpga.tcl
# Log file           : /home/sean/Basic_SoC_implementation/1_RTL/2_TINY_PROJECT/UART/vivado.log
# Journal file       : /home/sean/Basic_SoC_implementation/1_RTL/2_TINY_PROJECT/UART/vivado.jou
# Running On         : BOOK-3GSAOKNJKI
# Platform           : Ubuntu
# Operating System   : Ubuntu 22.04.5 LTS
# Processor Detail   : 12th Gen Intel(R) Core(TM) i7-1255U
# CPU Frequency      : 2611.211 MHz
# CPU Physical cores : 6
# CPU Logical cores  : 12
# Host memory        : 12386 MB
# Swap memory        : 3221 MB
# Total Virtual      : 15607 MB
# Available Virtual  : 14950 MB
#-----------------------------------------------------------
source ./build_program_fpga.tcl
# set SCRIPT_DIR [file dirname [file normalize [info script]]]
# set BUILD_DIR [file join $SCRIPT_DIR "vivado_hw"]
# set TOP_MODULE "zybo_uart_top"
# set FPGA_PART "xc7z020clg400-1"
# proc fail {msg} {
# 
#     puts ""
#     puts "============================================================"
#     puts " ERROR"
#     puts " $msg"
#     puts "============================================================"
#     puts ""
# 
#     exit 1
# }
# proc banner {msg} {
# 
#     puts ""
#     puts "============================================================"
#     puts " $msg"
#     puts "============================================================"
#     puts ""
# }
# banner "STEP 1 : Clean old hardware build"

============================================================
 STEP 1 : Clean old hardware build
============================================================

# if {[file exists $BUILD_DIR]} {
# 
#     puts "DELETE : $BUILD_DIR"
# 
#     file delete -force $BUILD_DIR
# }
DELETE : /home/sean/Basic_SoC_implementation/1_RTL/2_TINY_PROJECT/UART/vivado_hw
# file mkdir $BUILD_DIR
# banner "STEP 2 : Check RTL sources"

============================================================
 STEP 2 : Check RTL sources
============================================================

# set RTL_FILES [list \
#     [file join $SCRIPT_DIR "fifo.v"] \
#     [file join $SCRIPT_DIR "baud_rate_gen.v"] \
#     [file join $SCRIPT_DIR "uart_tx.v"] \
#     [file join $SCRIPT_DIR "uart_rx.v"] \
#     [file join $SCRIPT_DIR "uart_top.v"] \
#     [file join $SCRIPT_DIR "zybo_uart_top.v"] \
# ]
# foreach rtl $RTL_FILES {
# 
#     if {![file exists $rtl]} {
# 
#         fail "RTL file not found: $rtl"
#     }
# 
#     puts "FOUND : $rtl"
# }
FOUND : /home/sean/Basic_SoC_implementation/1_RTL/2_TINY_PROJECT/UART/fifo.v
FOUND : /home/sean/Basic_SoC_implementation/1_RTL/2_TINY_PROJECT/UART/baud_rate_gen.v
FOUND : /home/sean/Basic_SoC_implementation/1_RTL/2_TINY_PROJECT/UART/uart_tx.v
FOUND : /home/sean/Basic_SoC_implementation/1_RTL/2_TINY_PROJECT/UART/uart_rx.v
FOUND : /home/sean/Basic_SoC_implementation/1_RTL/2_TINY_PROJECT/UART/uart_top.v
FOUND : /home/sean/Basic_SoC_implementation/1_RTL/2_TINY_PROJECT/UART/zybo_uart_top.v
# banner "STEP 3 : Read Verilog"

============================================================
 STEP 3 : Read Verilog
============================================================

# foreach rtl $RTL_FILES {
# 
#     puts "READ : $rtl"
# 
#     read_verilog $rtl
# }
READ : /home/sean/Basic_SoC_implementation/1_RTL/2_TINY_PROJECT/UART/fifo.v
READ : /home/sean/Basic_SoC_implementation/1_RTL/2_TINY_PROJECT/UART/baud_rate_gen.v
READ : /home/sean/Basic_SoC_implementation/1_RTL/2_TINY_PROJECT/UART/uart_tx.v
READ : /home/sean/Basic_SoC_implementation/1_RTL/2_TINY_PROJECT/UART/uart_rx.v
READ : /home/sean/Basic_SoC_implementation/1_RTL/2_TINY_PROJECT/UART/uart_top.v
READ : /home/sean/Basic_SoC_implementation/1_RTL/2_TINY_PROJECT/UART/zybo_uart_top.v
# banner "STEP 4 : Synthesis"

============================================================
 STEP 4 : Synthesis
============================================================

# if {[catch {
# 
#     synth_design \
#         -top $TOP_MODULE \
#         -part $FPGA_PART
# 
# } err]} {
# 
#     fail "Synthesis failed: $err"
# }
Command: synth_design -top zybo_uart_top -part xc7z020clg400-1
Starting synth_design
Attempting to get a license for feature 'Synthesis' and/or device 'xc7z020'
INFO: [Common 17-349] Got license for feature 'Synthesis' and/or device 'xc7z020'
INFO: [Synth 8-7079] Multithreading enabled for synth_design using a maximum of 7 processes.
INFO: [Synth 8-7078] Launching helper process for spawning children vivado processes
INFO: [Synth 8-7075] Helper process launched with PID 106545
---------------------------------------------------------------------------------
Starting Synthesize : Time (s): cpu = 00:00:05 ; elapsed = 00:00:05 . Memory (MB): peak = 1753.023 ; gain = 323.855 ; free physical = 8711 ; free virtual = 13282
---------------------------------------------------------------------------------
INFO: [Synth 8-6157] synthesizing module 'zybo_uart_top' [/home/sean/Basic_SoC_implementation/1_RTL/2_TINY_PROJECT/UART/zybo_uart_top.v:1]
INFO: [Synth 8-6157] synthesizing module 'uart_top' [/home/sean/Basic_SoC_implementation/1_RTL/2_TINY_PROJECT/UART/uart_top.v:1]
	Parameter CLK_FREQ_HZ bound to: 125000000 - type: integer 
	Parameter BAUD_RATE bound to: 115200 - type: integer 
	Parameter DATA_BIT bound to: 8 - type: integer 
	Parameter FIFO_DEPTH bound to: 16 - type: integer 
INFO: [Synth 8-6157] synthesizing module 'baud_rate_gen' [/home/sean/Basic_SoC_implementation/1_RTL/2_TINY_PROJECT/UART/baud_rate_gen.v:1]
	Parameter CLK_FREQ_HZ bound to: 125000000 - type: integer 
	Parameter BAUD_RATE bound to: 115200 - type: integer 
INFO: [Synth 8-6155] done synthesizing module 'baud_rate_gen' (0#1) [/home/sean/Basic_SoC_implementation/1_RTL/2_TINY_PROJECT/UART/baud_rate_gen.v:1]
INFO: [Synth 8-6157] synthesizing module 'uart_tx' [/home/sean/Basic_SoC_implementation/1_RTL/2_TINY_PROJECT/UART/uart_tx.v:1]
	Parameter DATA_BIT bound to: 8 - type: integer 
	Parameter FIFO_DEPTH bound to: 16 - type: integer 
INFO: [Synth 8-6157] synthesizing module 'fifo' [/home/sean/Basic_SoC_implementation/1_RTL/2_TINY_PROJECT/UART/fifo.v:1]
	Parameter WIDTH bound to: 8 - type: integer 
	Parameter DEPTH bound to: 16 - type: integer 
INFO: [Synth 8-6155] done synthesizing module 'fifo' (0#1) [/home/sean/Basic_SoC_implementation/1_RTL/2_TINY_PROJECT/UART/fifo.v:1]
INFO: [Synth 8-6155] done synthesizing module 'uart_tx' (0#1) [/home/sean/Basic_SoC_implementation/1_RTL/2_TINY_PROJECT/UART/uart_tx.v:1]
INFO: [Synth 8-6157] synthesizing module 'uart_rx' [/home/sean/Basic_SoC_implementation/1_RTL/2_TINY_PROJECT/UART/uart_rx.v:1]
	Parameter DATA_BITS bound to: 8 - type: integer 
	Parameter FIFO_DEPTH bound to: 16 - type: integer 
INFO: [Synth 8-6155] done synthesizing module 'uart_rx' (0#1) [/home/sean/Basic_SoC_implementation/1_RTL/2_TINY_PROJECT/UART/uart_rx.v:1]
INFO: [Synth 8-6155] done synthesizing module 'uart_top' (0#1) [/home/sean/Basic_SoC_implementation/1_RTL/2_TINY_PROJECT/UART/uart_top.v:1]
INFO: [Synth 8-6155] done synthesizing module 'zybo_uart_top' (0#1) [/home/sean/Basic_SoC_implementation/1_RTL/2_TINY_PROJECT/UART/zybo_uart_top.v:1]
WARNING: [Synth 8-7137] Register mem_reg in module fifo has both Set and reset with same priority. This may cause simulation mismatches. Consider rewriting code 
WARNING: [Synth 8-4767] Trying to implement RAM 'mem_reg' in registers. Block RAM or DRAM implementation is not possible; see log for reasons.
Reason is one or more of the following :
	1: RAM is sensitive to asynchronous reset signal. this RTL style is not supported. 
RAM "mem_reg" dissolved into registers
---------------------------------------------------------------------------------
Finished Synthesize : Time (s): cpu = 00:00:06 ; elapsed = 00:00:07 . Memory (MB): peak = 1827.992 ; gain = 398.824 ; free physical = 8608 ; free virtual = 13180
---------------------------------------------------------------------------------
---------------------------------------------------------------------------------
Finished Constraint Validation : Time (s): cpu = 00:00:07 ; elapsed = 00:00:07 . Memory (MB): peak = 1842.836 ; gain = 413.668 ; free physical = 8643 ; free virtual = 13215
---------------------------------------------------------------------------------
---------------------------------------------------------------------------------
Start Loading Part and Timing Information
---------------------------------------------------------------------------------
Loading part: xc7z020clg400-1
---------------------------------------------------------------------------------
Finished Loading Part and Timing Information : Time (s): cpu = 00:00:07 ; elapsed = 00:00:07 . Memory (MB): peak = 1850.840 ; gain = 421.672 ; free physical = 8642 ; free virtual = 13214
INFO: [Device 21-403] Loading part xc7z020clg400-1
---------------------------------------------------------------------------------
INFO: [Synth 8-802] inferred FSM for state register 'r_state_reg' in module 'uart_tx'
INFO: [Synth 8-802] inferred FSM for state register 'r_state_reg' in module 'uart_rx'
---------------------------------------------------------------------------------------------------
                   State |                     New Encoding |                Previous Encoding 
---------------------------------------------------------------------------------------------------
                  S_IDLE |                              000 |                              000
                 S_START |                              001 |                              001
                  S_DATA |                              010 |                              010
                S_PARITY |                              011 |                              011
                  S_STOP |                              100 |                              100
---------------------------------------------------------------------------------------------------
INFO: [Synth 8-3354] encoded FSM with state register 'r_state_reg' using encoding 'sequential' in module 'uart_tx'
---------------------------------------------------------------------------------------------------
                   State |                     New Encoding |                Previous Encoding 
---------------------------------------------------------------------------------------------------
                  S_IDLE |                              000 |                              000
                 S_START |                              001 |                              001
                  S_DATA |                              010 |                              010
                S_PARITY |                              011 |                              011
                  S_STOP |                              100 |                              100
---------------------------------------------------------------------------------------------------
INFO: [Synth 8-3354] encoded FSM with state register 'r_state_reg' using encoding 'sequential' in module 'uart_rx'
---------------------------------------------------------------------------------
Finished RTL Optimization Phase 2 : Time (s): cpu = 00:00:08 ; elapsed = 00:00:08 . Memory (MB): peak = 1876.660 ; gain = 447.492 ; free physical = 8625 ; free virtual = 13198
---------------------------------------------------------------------------------
No constraint files found.
---------------------------------------------------------------------------------
Start RTL Component Statistics 
---------------------------------------------------------------------------------
Detailed RTL Component Info : 
+---Adders : 
	   2 Input   26 Bit       Adders := 1     
	   2 Input    7 Bit       Adders := 1     
	   2 Input    5 Bit       Adders := 2     
	   2 Input    4 Bit       Adders := 6     
	   2 Input    3 Bit       Adders := 2     
+---XORs : 
	                8 Bit    Wide XORs := 2     
+---Registers : 
	               26 Bit    Registers := 1     
	                8 Bit    Registers := 35    
	                7 Bit    Registers := 1     
	                5 Bit    Registers := 2     
	                4 Bit    Registers := 6     
	                3 Bit    Registers := 2     
	                1 Bit    Registers := 25    
+---Muxes : 
	   5 Input    8 Bit        Muxes := 2     
	   2 Input    8 Bit        Muxes := 2     
	   2 Input    4 Bit        Muxes := 6     
	   5 Input    4 Bit        Muxes := 1     
	   5 Input    3 Bit        Muxes := 4     
	   2 Input    3 Bit        Muxes := 2     
	   4 Input    2 Bit        Muxes := 2     
	   2 Input    1 Bit        Muxes := 50    
	   4 Input    1 Bit        Muxes := 2     
	   5 Input    1 Bit        Muxes := 16    
---------------------------------------------------------------------------------
Finished RTL Component Statistics 
---------------------------------------------------------------------------------
---------------------------------------------------------------------------------
Start Part Resource Summary
---------------------------------------------------------------------------------
Part Resources:
DSPs: 220 (col length:60)
BRAMs: 280 (col length: RAMB18 60 RAMB36 30)
---------------------------------------------------------------------------------
Finished Part Resource Summary
---------------------------------------------------------------------------------
No constraint files found.
---------------------------------------------------------------------------------
Start Cross Boundary and Area Optimization
---------------------------------------------------------------------------------
WARNING: [Synth 8-7080] Parallel synthesis criteria is not met
---------------------------------------------------------------------------------
Finished Cross Boundary and Area Optimization : Time (s): cpu = 00:00:13 ; elapsed = 00:00:12 . Memory (MB): peak = 2020.723 ; gain = 591.555 ; free physical = 8487 ; free virtual = 13063
---------------------------------------------------------------------------------
No constraint files found.
---------------------------------------------------------------------------------
Start Timing Optimization
---------------------------------------------------------------------------------
---------------------------------------------------------------------------------
Finished Timing Optimization : Time (s): cpu = 00:00:13 ; elapsed = 00:00:12 . Memory (MB): peak = 2020.723 ; gain = 591.555 ; free physical = 8487 ; free virtual = 13063
---------------------------------------------------------------------------------
---------------------------------------------------------------------------------
Start Technology Mapping
---------------------------------------------------------------------------------
---------------------------------------------------------------------------------
Finished Technology Mapping : Time (s): cpu = 00:00:13 ; elapsed = 00:00:13 . Memory (MB): peak = 2020.723 ; gain = 591.555 ; free physical = 8487 ; free virtual = 13063
---------------------------------------------------------------------------------
---------------------------------------------------------------------------------
Start IO Insertion
---------------------------------------------------------------------------------
---------------------------------------------------------------------------------
Start Flattening Before IO Insertion
---------------------------------------------------------------------------------
---------------------------------------------------------------------------------
Finished Flattening Before IO Insertion
---------------------------------------------------------------------------------
---------------------------------------------------------------------------------
Start Final Netlist Cleanup
---------------------------------------------------------------------------------
---------------------------------------------------------------------------------
Finished Final Netlist Cleanup
---------------------------------------------------------------------------------
---------------------------------------------------------------------------------
Finished IO Insertion : Time (s): cpu = 00:00:16 ; elapsed = 00:00:16 . Memory (MB): peak = 2160.535 ; gain = 731.367 ; free physical = 8367 ; free virtual = 12943
---------------------------------------------------------------------------------
---------------------------------------------------------------------------------
Start Renaming Generated Instances
---------------------------------------------------------------------------------
---------------------------------------------------------------------------------
Finished Renaming Generated Instances : Time (s): cpu = 00:00:16 ; elapsed = 00:00:16 . Memory (MB): peak = 2160.535 ; gain = 731.367 ; free physical = 8367 ; free virtual = 12943
---------------------------------------------------------------------------------
---------------------------------------------------------------------------------
Start Rebuilding User Hierarchy
---------------------------------------------------------------------------------
---------------------------------------------------------------------------------
Finished Rebuilding User Hierarchy : Time (s): cpu = 00:00:16 ; elapsed = 00:00:16 . Memory (MB): peak = 2160.535 ; gain = 731.367 ; free physical = 8369 ; free virtual = 12945
---------------------------------------------------------------------------------
---------------------------------------------------------------------------------
Start Renaming Generated Ports
---------------------------------------------------------------------------------
---------------------------------------------------------------------------------
Finished Renaming Generated Ports : Time (s): cpu = 00:00:16 ; elapsed = 00:00:16 . Memory (MB): peak = 2160.535 ; gain = 731.367 ; free physical = 8369 ; free virtual = 12945
---------------------------------------------------------------------------------
---------------------------------------------------------------------------------
Start Handling Custom Attributes
---------------------------------------------------------------------------------
---------------------------------------------------------------------------------
Finished Handling Custom Attributes : Time (s): cpu = 00:00:16 ; elapsed = 00:00:16 . Memory (MB): peak = 2160.535 ; gain = 731.367 ; free physical = 8369 ; free virtual = 12945
---------------------------------------------------------------------------------
---------------------------------------------------------------------------------
Start Renaming Generated Nets
---------------------------------------------------------------------------------
---------------------------------------------------------------------------------
Finished Renaming Generated Nets : Time (s): cpu = 00:00:16 ; elapsed = 00:00:16 . Memory (MB): peak = 2160.535 ; gain = 731.367 ; free physical = 8369 ; free virtual = 12945
---------------------------------------------------------------------------------
---------------------------------------------------------------------------------
Start Writing Synthesis Report
---------------------------------------------------------------------------------

Report BlackBoxes: 
+-+--------------+----------+
| |BlackBox name |Instances |
+-+--------------+----------+
+-+--------------+----------+

Report Cell Usage: 
+------+-------+------+
|      |Cell   |Count |
+------+-------+------+
|1     |BUFG   |     1|
|2     |CARRY4 |     7|
|3     |LUT1   |     8|
|4     |LUT2   |    41|
|5     |LUT3   |    13|
|6     |LUT4   |    21|
|7     |LUT5   |    26|
|8     |LUT6   |    86|
|9     |MUXF7  |    16|
|10    |MUXF8  |     2|
|11    |FDCE   |   106|
|12    |FDPE   |     4|
|13    |FDRE   |   128|
|14    |IBUF   |     4|
|15    |OBUF   |     5|
+------+-------+------+

Report Instance Areas: 
+------+--------------------+--------------+------+
|      |Instance            |Module        |Cells |
+------+--------------------+--------------+------+
|1     |top                 |              |   468|
|2     |  u_uart_top        |uart_top      |   381|
|3     |    u_baud_rate_gen |baud_rate_gen |    28|
|4     |    u_uart_rx       |uart_rx       |   303|
|5     |      u_rx_fifo     |fifo_0        |   234|
|6     |    u_uart_tx       |uart_tx       |    50|
|7     |      u_tx_fifo     |fifo          |    19|
+------+--------------------+--------------+------+
---------------------------------------------------------------------------------
Finished Writing Synthesis Report : Time (s): cpu = 00:00:16 ; elapsed = 00:00:16 . Memory (MB): peak = 2160.535 ; gain = 731.367 ; free physical = 8369 ; free virtual = 12945
---------------------------------------------------------------------------------
Synthesis finished with 0 errors, 0 critical warnings and 3 warnings.
Synthesis Optimization Runtime : Time (s): cpu = 00:00:16 ; elapsed = 00:00:16 . Memory (MB): peak = 2160.535 ; gain = 731.367 ; free physical = 8369 ; free virtual = 12945
Synthesis Optimization Complete : Time (s): cpu = 00:00:16 ; elapsed = 00:00:16 . Memory (MB): peak = 2160.543 ; gain = 731.367 ; free physical = 8369 ; free virtual = 12945
INFO: [Project 1-571] Translating synthesized netlist
Netlist sorting complete. Time (s): cpu = 00:00:00 ; elapsed = 00:00:00 . Memory (MB): peak = 2175.410 ; gain = 0.000 ; free physical = 8517 ; free virtual = 13093
INFO: [Netlist 29-17] Analyzing 25 Unisim elements for replacement
INFO: [Netlist 29-28] Unisim Transformation completed in 0 CPU seconds
INFO: [Project 1-570] Preparing netlist for logic optimization
INFO: [Opt 31-138] Pushed 0 inverter(s) to 0 load pin(s).
Netlist sorting complete. Time (s): cpu = 00:00:00 ; elapsed = 00:00:00 . Memory (MB): peak = 2325.031 ; gain = 0.000 ; free physical = 8428 ; free virtual = 13004
INFO: [Project 1-111] Unisim Transformation Summary:
No Unisim elements were transformed.

Synth Design complete | Checksum: 973c5b75
INFO: [Common 17-83] Releasing license: Synthesis
28 Infos, 3 Warnings, 0 Critical Warnings and 0 Errors encountered.
synth_design completed successfully
synth_design: Time (s): cpu = 00:00:22 ; elapsed = 00:00:19 . Memory (MB): peak = 2325.031 ; gain = 895.871 ; free physical = 8429 ; free virtual = 13005
INFO: [Common 17-2834] synth_design peak Physical Memory [PSS] (MB): overall = 1807.165; main = 1807.165; forked = 327.462
INFO: [Common 17-2834] synth_design peak Virtual Memory [VSS] (MB): overall = 2784.773; main = 2325.031; forked = 908.113
# puts ""

# puts "SYNTHESIS COMPLETE"
SYNTHESIS COMPLETE
# write_checkpoint \
#     -force \
#     [file join $BUILD_DIR "post_synth.dcp"]
Write ShapeDB Complete: Time (s): cpu = 00:00:00 ; elapsed = 00:00:00 . Memory (MB): peak = 2357.047 ; gain = 0.000 ; free physical = 8432 ; free virtual = 13008
INFO: [Common 17-1381] The checkpoint '/home/sean/Basic_SoC_implementation/1_RTL/2_TINY_PROJECT/UART/vivado_hw/post_synth.dcp' has been generated.
# report_utilization \
#     -file \
#     [file join $BUILD_DIR "post_synth_utilization.rpt"]
# banner "STEP 5 : Apply Zybo Z7 constraints"

============================================================
 STEP 5 : Apply Zybo Z7 constraints
============================================================

# set_property PACKAGE_PIN K17 \
#     [get_ports i_clk]
# set_property IOSTANDARD LVCMOS33 \
#     [get_ports i_clk]
# create_clock \
#     -name sys_clk \
#     -period 8.000 \
#     -waveform {0.000 4.000} \
#     [get_ports i_clk]
# set_property PACKAGE_PIN K18 \
#     [get_ports i_btn_send]
# set_property IOSTANDARD LVCMOS33 \
#     [get_ports i_btn_send]
# set_property PACKAGE_PIN P16 \
#     [get_ports i_btn_reset]
# set_property IOSTANDARD LVCMOS33 \
#     [get_ports i_btn_reset]
# set_property PACKAGE_PIN M14 \
#     [get_ports {o_led[0]}]
# set_property IOSTANDARD LVCMOS33 \
#     [get_ports {o_led[0]}]
# set_property PACKAGE_PIN M15 \
#     [get_ports {o_led[1]}]
# set_property IOSTANDARD LVCMOS33 \
#     [get_ports {o_led[1]}]
# set_property PACKAGE_PIN G14 \
#     [get_ports {o_led[2]}]
# set_property IOSTANDARD LVCMOS33 \
#     [get_ports {o_led[2]}]
# set_property PACKAGE_PIN D18 \
#     [get_ports {o_led[3]}]
# set_property IOSTANDARD LVCMOS33 \
#     [get_ports {o_led[3]}]
# set_property PACKAGE_PIN V15 \
#     [get_ports o_uart_txd]
# set_property IOSTANDARD LVCMOS33 \
#     [get_ports o_uart_txd]
# set_property PACKAGE_PIN W15 \
#     [get_ports i_uart_rxd]
# set_property IOSTANDARD LVCMOS33 \
#     [get_ports i_uart_rxd]
# banner "STEP 6 : opt_design"

============================================================
 STEP 6 : opt_design
============================================================

# if {[catch {
# 
#     opt_design
# 
# } err]} {
# 
#     fail "opt_design failed: $err"
# }
Command: opt_design
Attempting to get a license for feature 'Implementation' and/or device 'xc7z020'
INFO: [Common 17-349] Got license for feature 'Implementation' and/or device 'xc7z020'
Running DRC as a precondition to command opt_design

Starting DRC Task
INFO: [DRC 23-27] Running DRC with 8 threads
INFO: [Project 1-461] DRC finished with 0 Errors
INFO: [Project 1-462] Please refer to the DRC report (report_drc) for more information.

Time (s): cpu = 00:00:02 ; elapsed = 00:00:00.71 . Memory (MB): peak = 2395.000 ; gain = 5.938 ; free physical = 8436 ; free virtual = 13012

Starting Cache Timing Information Task
INFO: [Timing 38-35] Done setting XDC timing constraints.
Ending Cache Timing Information Task | Checksum: 195cfddaf

Time (s): cpu = 00:00:06 ; elapsed = 00:00:06 . Memory (MB): peak = 2662.953 ; gain = 267.953 ; free physical = 8250 ; free virtual = 12826

Starting Logic Optimization Task

Phase 1 Initialization

Phase 1.1 Core Generation And Design Setup
Phase 1.1 Core Generation And Design Setup | Checksum: 195cfddaf

Time (s): cpu = 00:00:00 ; elapsed = 00:00:00.01 . Memory (MB): peak = 2933.859 ; gain = 0.000 ; free physical = 7954 ; free virtual = 12531

Phase 1.2 Setup Constraints And Sort Netlist
Phase 1.2 Setup Constraints And Sort Netlist | Checksum: 195cfddaf

Time (s): cpu = 00:00:00 ; elapsed = 00:00:00.01 . Memory (MB): peak = 2933.859 ; gain = 0.000 ; free physical = 7956 ; free virtual = 12532
Phase 1 Initialization | Checksum: 195cfddaf

Time (s): cpu = 00:00:00.01 ; elapsed = 00:00:00.01 . Memory (MB): peak = 2933.859 ; gain = 0.000 ; free physical = 7956 ; free virtual = 12532

Phase 2 Timer Update And Timing Data Collection

Phase 2.1 Timer Update
Phase 2.1 Timer Update | Checksum: 195cfddaf

Time (s): cpu = 00:00:00.05 ; elapsed = 00:00:00.05 . Memory (MB): peak = 2933.859 ; gain = 0.000 ; free physical = 7957 ; free virtual = 12533

Phase 2.2 Timing Data Collection
Phase 2.2 Timing Data Collection | Checksum: 195cfddaf

Time (s): cpu = 00:00:00.06 ; elapsed = 00:00:00.05 . Memory (MB): peak = 2933.859 ; gain = 0.000 ; free physical = 7957 ; free virtual = 12533
Phase 2 Timer Update And Timing Data Collection | Checksum: 195cfddaf

Time (s): cpu = 00:00:00.06 ; elapsed = 00:00:00.05 . Memory (MB): peak = 2933.859 ; gain = 0.000 ; free physical = 7957 ; free virtual = 12533

Phase 3 Retarget
INFO: [Opt 31-1851] Number of loadless carry chains removed were: 0
INFO: [Opt 31-1834] Total Chains To Be Transformed Were: 0 AND Number of Transformed insts Created are: 0
INFO: [Opt 31-138] Pushed 0 inverter(s) to 0 load pin(s).
INFO: [Opt 31-49] Retargeted 0 cell(s).
Phase 3 Retarget | Checksum: 195cfddaf

Time (s): cpu = 00:00:00.07 ; elapsed = 00:00:00.07 . Memory (MB): peak = 2933.859 ; gain = 0.000 ; free physical = 7957 ; free virtual = 12533
Retarget | Checksum: 195cfddaf
INFO: [Opt 31-389] Phase Retarget created 0 cells and removed 0 cells

Phase 4 Constant propagation
INFO: [Opt 31-138] Pushed 0 inverter(s) to 0 load pin(s).
Phase 4 Constant propagation | Checksum: 195cfddaf

Time (s): cpu = 00:00:00.07 ; elapsed = 00:00:00.07 . Memory (MB): peak = 2933.859 ; gain = 0.000 ; free physical = 7957 ; free virtual = 12533
Constant propagation | Checksum: 195cfddaf
INFO: [Opt 31-389] Phase Constant propagation created 0 cells and removed 0 cells

Phase 5 Sweep
INFO: [Constraints 18-11670] Building netlist checker database with flags, 0x8
Done building netlist checker database: Time (s): cpu = 00:00:00 ; elapsed = 00:00:00 . Memory (MB): peak = 2933.859 ; gain = 0.000 ; free physical = 7957 ; free virtual = 12533
Phase 5 Sweep | Checksum: 106dfbe8a

Time (s): cpu = 00:00:00.08 ; elapsed = 00:00:00.07 . Memory (MB): peak = 2933.859 ; gain = 0.000 ; free physical = 7957 ; free virtual = 12533
Sweep | Checksum: 106dfbe8a
INFO: [Opt 31-389] Phase Sweep created 0 cells and removed 0 cells

Phase 6 BUFG optimization
Phase 6 BUFG optimization | Checksum: 106dfbe8a

Time (s): cpu = 00:00:00.09 ; elapsed = 00:00:00.09 . Memory (MB): peak = 2965.875 ; gain = 32.016 ; free physical = 7956 ; free virtual = 12533
BUFG optimization | Checksum: 106dfbe8a
INFO: [Opt 31-662] Phase BUFG optimization created 0 cells of which 0 are BUFGs and removed 0 cells.

Phase 7 Shift Register Optimization
INFO: [Opt 31-1064] SRL Remap converted 0 SRLs to 0 registers and converted 0 registers of register chains to 0 SRLs
Phase 7 Shift Register Optimization | Checksum: 106dfbe8a

Time (s): cpu = 00:00:00.09 ; elapsed = 00:00:00.09 . Memory (MB): peak = 2965.875 ; gain = 32.016 ; free physical = 7956 ; free virtual = 12533
Shift Register Optimization | Checksum: 106dfbe8a
INFO: [Opt 31-389] Phase Shift Register Optimization created 0 cells and removed 0 cells

Phase 8 Post Processing Netlist
Phase 8 Post Processing Netlist | Checksum: 106dfbe8a

Time (s): cpu = 00:00:00.1 ; elapsed = 00:00:00.1 . Memory (MB): peak = 2965.875 ; gain = 32.016 ; free physical = 7956 ; free virtual = 12533
Post Processing Netlist | Checksum: 106dfbe8a
INFO: [Opt 31-389] Phase Post Processing Netlist created 0 cells and removed 0 cells

Phase 9 Finalization

Phase 9.1 Finalizing Design Cores and Updating Shapes
Phase 9.1 Finalizing Design Cores and Updating Shapes | Checksum: 233be74c6

Time (s): cpu = 00:00:00.11 ; elapsed = 00:00:00.11 . Memory (MB): peak = 2965.875 ; gain = 32.016 ; free physical = 7957 ; free virtual = 12533

Phase 9.2 Verifying Netlist Connectivity

Starting Connectivity Check Task

Time (s): cpu = 00:00:00 ; elapsed = 00:00:00 . Memory (MB): peak = 2965.875 ; gain = 0.000 ; free physical = 7957 ; free virtual = 12533
Phase 9.2 Verifying Netlist Connectivity | Checksum: 233be74c6

Time (s): cpu = 00:00:00.11 ; elapsed = 00:00:00.11 . Memory (MB): peak = 2965.875 ; gain = 32.016 ; free physical = 7957 ; free virtual = 12533
Phase 9 Finalization | Checksum: 233be74c6

Time (s): cpu = 00:00:00.11 ; elapsed = 00:00:00.11 . Memory (MB): peak = 2965.875 ; gain = 32.016 ; free physical = 7957 ; free virtual = 12533
Opt_design Change Summary
=========================


-------------------------------------------------------------------------------------------------------------------------
|  Phase                        |  #Cells created  |  #Cells Removed  |  #Constrained objects preventing optimizations  |
-------------------------------------------------------------------------------------------------------------------------
|  Retarget                     |               0  |               0  |                                              0  |
|  Constant propagation         |               0  |               0  |                                              0  |
|  Sweep                        |               0  |               0  |                                              0  |
|  BUFG optimization            |               0  |               0  |                                              0  |
|  Shift Register Optimization  |               0  |               0  |                                              0  |
|  Post Processing Netlist      |               0  |               0  |                                              0  |
-------------------------------------------------------------------------------------------------------------------------


Ending Logic Optimization Task | Checksum: 233be74c6

Time (s): cpu = 00:00:00.11 ; elapsed = 00:00:00.12 . Memory (MB): peak = 2965.875 ; gain = 32.016 ; free physical = 7957 ; free virtual = 12533

Starting Power Optimization Task
INFO: [Pwropt 34-132] Skipping clock gating for clocks with a period < 2.00 ns.
Ending Power Optimization Task | Checksum: 233be74c6

Time (s): cpu = 00:00:00 ; elapsed = 00:00:00.01 . Memory (MB): peak = 2965.875 ; gain = 0.000 ; free physical = 7957 ; free virtual = 12533

Starting Final Cleanup Task
Ending Final Cleanup Task | Checksum: 233be74c6

Time (s): cpu = 00:00:00 ; elapsed = 00:00:00.01 . Memory (MB): peak = 2965.875 ; gain = 0.000 ; free physical = 7957 ; free virtual = 12533

Starting Netlist Obfuscation Task
Netlist sorting complete. Time (s): cpu = 00:00:00 ; elapsed = 00:00:00 . Memory (MB): peak = 2965.875 ; gain = 0.000 ; free physical = 7957 ; free virtual = 12533
Ending Netlist Obfuscation Task | Checksum: 233be74c6

Time (s): cpu = 00:00:00 ; elapsed = 00:00:00 . Memory (MB): peak = 2965.875 ; gain = 0.000 ; free physical = 7957 ; free virtual = 12533
INFO: [Common 17-83] Releasing license: Implementation
20 Infos, 0 Warnings, 0 Critical Warnings and 0 Errors encountered.
opt_design completed successfully
opt_design: Time (s): cpu = 00:00:11 ; elapsed = 00:00:10 . Memory (MB): peak = 2965.875 ; gain = 576.812 ; free physical = 7957 ; free virtual = 12533
# banner "STEP 7 : place_design"

============================================================
 STEP 7 : place_design
============================================================

# if {[catch {
# 
#     place_design
# 
# } err]} {
# 
#     fail "place_design failed: $err"
# }
Command: place_design
Attempting to get a license for feature 'Implementation' and/or device 'xc7z020'
INFO: [Common 17-349] Got license for feature 'Implementation' and/or device 'xc7z020'
INFO: [Common 17-83] Releasing license: Implementation
INFO: [DRC 23-27] Running DRC with 8 threads
INFO: [Vivado_Tcl 4-198] DRC finished with 0 Errors
INFO: [Vivado_Tcl 4-199] Please refer to the DRC report (report_drc) for more information.
Running DRC as a precondition to command place_design
INFO: [DRC 23-27] Running DRC with 8 threads
INFO: [Vivado_Tcl 4-198] DRC finished with 0 Errors
INFO: [Vivado_Tcl 4-199] Please refer to the DRC report (report_drc) for more information.
INFO: [Place 30-611] Multithreading enabled for place_design using a maximum of 8 CPUs

Starting Placer Task

Phase 1 Placer Initialization

Phase 1.1 Placer Initialization Netlist Sorting
Netlist sorting complete. Time (s): cpu = 00:00:00 ; elapsed = 00:00:00 . Memory (MB): peak = 2965.875 ; gain = 0.000 ; free physical = 7959 ; free virtual = 12535
Phase 1.1 Placer Initialization Netlist Sorting | Checksum: 1345b5464

Time (s): cpu = 00:00:00 ; elapsed = 00:00:00 . Memory (MB): peak = 2965.875 ; gain = 0.000 ; free physical = 7959 ; free virtual = 12535
Netlist sorting complete. Time (s): cpu = 00:00:00 ; elapsed = 00:00:00 . Memory (MB): peak = 2965.875 ; gain = 0.000 ; free physical = 7959 ; free virtual = 12535

Phase 1.2 IO Placement/ Clock Placement/ Build Placer Device
INFO: [Timing 38-35] Done setting XDC timing constraints.
Phase 1.2 IO Placement/ Clock Placement/ Build Placer Device | Checksum: 17eb84ced

Time (s): cpu = 00:00:00.84 ; elapsed = 00:00:00.29 . Memory (MB): peak = 2965.875 ; gain = 0.000 ; free physical = 7959 ; free virtual = 12535

Phase 1.3 Build Placer Netlist Model
Phase 1.3 Build Placer Netlist Model | Checksum: 184125e2d

Time (s): cpu = 00:00:01 ; elapsed = 00:00:00.47 . Memory (MB): peak = 3004.918 ; gain = 39.043 ; free physical = 7958 ; free virtual = 12535

Phase 1.4 Constrain Clocks/Macros
Phase 1.4 Constrain Clocks/Macros | Checksum: 184125e2d

Time (s): cpu = 00:00:01 ; elapsed = 00:00:00.48 . Memory (MB): peak = 3004.918 ; gain = 39.043 ; free physical = 7958 ; free virtual = 12535
Phase 1 Placer Initialization | Checksum: 184125e2d

Time (s): cpu = 00:00:01 ; elapsed = 00:00:00.48 . Memory (MB): peak = 3004.918 ; gain = 39.043 ; free physical = 7958 ; free virtual = 12535

Phase 2 Global Placement

Phase 2.1 Floorplanning
Phase 2.1 Floorplanning | Checksum: 1bd974590

Time (s): cpu = 00:00:02 ; elapsed = 00:00:00.65 . Memory (MB): peak = 3004.918 ; gain = 39.043 ; free physical = 7952 ; free virtual = 12528

Phase 2.2 Update Timing before SLR Path Opt
Phase 2.2 Update Timing before SLR Path Opt | Checksum: 21529ee92

Time (s): cpu = 00:00:02 ; elapsed = 00:00:00.72 . Memory (MB): peak = 3004.918 ; gain = 39.043 ; free physical = 7972 ; free virtual = 12548

Phase 2.3 Post-Processing in Floorplanning
Phase 2.3 Post-Processing in Floorplanning | Checksum: 21529ee92

Time (s): cpu = 00:00:02 ; elapsed = 00:00:00.72 . Memory (MB): peak = 3004.918 ; gain = 39.043 ; free physical = 7972 ; free virtual = 12548

Phase 2.4 Global Place Phase1
Phase 2.4 Global Place Phase1 | Checksum: 1b0cc60f8

Time (s): cpu = 00:00:06 ; elapsed = 00:00:03 . Memory (MB): peak = 3004.918 ; gain = 39.043 ; free physical = 7973 ; free virtual = 12549

Phase 2.5 Global Place Phase2

Phase 2.5.1 UpdateTiming Before Physical Synthesis
Phase 2.5.1 UpdateTiming Before Physical Synthesis | Checksum: 2436f593b

Time (s): cpu = 00:00:06 ; elapsed = 00:00:03 . Memory (MB): peak = 3004.918 ; gain = 39.043 ; free physical = 7978 ; free virtual = 12554

Phase 2.5.2 Physical Synthesis In Placer
INFO: [Physopt 32-1035] Found 0 LUTNM shape to break, 2 LUT instances to create LUTNM shape
INFO: [Physopt 32-1044] Break lutnm for timing: one critical 0, two critical 0, total 0, new lutff created 0
INFO: [Physopt 32-1138] End 1 Pass. Optimized 1 net or LUT. Breaked 0 LUT, combined 1 existing LUT and moved 0 existing LUT
INFO: [Physopt 32-65] No nets found for high-fanout optimization.
INFO: [Physopt 32-232] Optimized 0 net. Created 0 new instance.
INFO: [Physopt 32-775] End 1 Pass. Optimized 0 net or cell. Created 0 new cell, deleted 0 existing cell and moved 0 existing cell
INFO: [Physopt 32-670] No setup violation found.  DSP Register Optimization was not performed.
INFO: [Physopt 32-670] No setup violation found.  Shift Register to Pipeline Optimization was not performed.
INFO: [Physopt 32-670] No setup violation found.  Shift Register Optimization was not performed.
INFO: [Physopt 32-670] No setup violation found.  BRAM Register Optimization was not performed.
INFO: [Physopt 32-670] No setup violation found.  URAM Register Optimization was not performed.
INFO: [Physopt 32-949] No candidate nets found for dynamic/static region interface net replication
INFO: [Physopt 32-775] End 1 Pass. Optimized 0 net or cell. Created 0 new cell, deleted 0 existing cell and moved 0 existing cell
Netlist sorting complete. Time (s): cpu = 00:00:00 ; elapsed = 00:00:00 . Memory (MB): peak = 3004.918 ; gain = 0.000 ; free physical = 7978 ; free virtual = 12554

Summary of Physical Synthesis Optimizations
============================================


-----------------------------------------------------------------------------------------------------------------------------------------------------------
|  Optimization                                     |  Added Cells  |  Removed Cells  |  Optimized Cells/Nets  |  Dont Touch  |  Iterations  |  Elapsed   |
-----------------------------------------------------------------------------------------------------------------------------------------------------------
|  LUT Combining                                    |            0  |              1  |                     1  |           0  |           1  |  00:00:00  |
|  Retime                                           |            0  |              0  |                     0  |           0  |           1  |  00:00:00  |
|  Very High Fanout                                 |            0  |              0  |                     0  |           0  |           1  |  00:00:00  |
|  DSP Register                                     |            0  |              0  |                     0  |           0  |           0  |  00:00:00  |
|  Shift Register to Pipeline                       |            0  |              0  |                     0  |           0  |           0  |  00:00:00  |
|  Shift Register                                   |            0  |              0  |                     0  |           0  |           0  |  00:00:00  |
|  BRAM Register                                    |            0  |              0  |                     0  |           0  |           0  |  00:00:00  |
|  URAM Register                                    |            0  |              0  |                     0  |           0  |           0  |  00:00:00  |
|  Dynamic/Static Region Interface Net Replication  |            0  |              0  |                     0  |           0  |           1  |  00:00:00  |
|  Total                                            |            0  |              1  |                     1  |           0  |           4  |  00:00:00  |
-----------------------------------------------------------------------------------------------------------------------------------------------------------


Phase 2.5.2 Physical Synthesis In Placer | Checksum: 25e25d836

Time (s): cpu = 00:00:06 ; elapsed = 00:00:03 . Memory (MB): peak = 3004.918 ; gain = 39.043 ; free physical = 7978 ; free virtual = 12554
Phase 2.5 Global Place Phase2 | Checksum: 295ad8d95

Time (s): cpu = 00:00:07 ; elapsed = 00:00:03 . Memory (MB): peak = 3004.918 ; gain = 39.043 ; free physical = 7978 ; free virtual = 12554
Phase 2 Global Placement | Checksum: 295ad8d95

Time (s): cpu = 00:00:07 ; elapsed = 00:00:03 . Memory (MB): peak = 3004.918 ; gain = 39.043 ; free physical = 7978 ; free virtual = 12554

Phase 3 Detail Placement

Phase 3.1 Commit Multi Column Macros
Phase 3.1 Commit Multi Column Macros | Checksum: 1ee3264cd

Time (s): cpu = 00:00:07 ; elapsed = 00:00:03 . Memory (MB): peak = 3004.918 ; gain = 39.043 ; free physical = 7978 ; free virtual = 12554

Phase 3.2 Commit Most Macros & LUTRAMs
Phase 3.2 Commit Most Macros & LUTRAMs | Checksum: 219ff8014

Time (s): cpu = 00:00:07 ; elapsed = 00:00:03 . Memory (MB): peak = 3004.918 ; gain = 39.043 ; free physical = 7978 ; free virtual = 12554

Phase 3.3 Area Swap Optimization
Phase 3.3 Area Swap Optimization | Checksum: 164ac1343

Time (s): cpu = 00:00:07 ; elapsed = 00:00:03 . Memory (MB): peak = 3004.918 ; gain = 39.043 ; free physical = 7978 ; free virtual = 12554

Phase 3.4 Pipeline Register Optimization
Phase 3.4 Pipeline Register Optimization | Checksum: 1f12f0a9f

Time (s): cpu = 00:00:07 ; elapsed = 00:00:03 . Memory (MB): peak = 3004.918 ; gain = 39.043 ; free physical = 7978 ; free virtual = 12554

Phase 3.5 Small Shape Detail Placement
Phase 3.5 Small Shape Detail Placement | Checksum: 1975ffe2b

Time (s): cpu = 00:00:08 ; elapsed = 00:00:04 . Memory (MB): peak = 3004.918 ; gain = 39.043 ; free physical = 7978 ; free virtual = 12554

Phase 3.6 Re-assign LUT pins
Phase 3.6 Re-assign LUT pins | Checksum: 1e6c66cf0

Time (s): cpu = 00:00:08 ; elapsed = 00:00:04 . Memory (MB): peak = 3004.918 ; gain = 39.043 ; free physical = 7978 ; free virtual = 12554

Phase 3.7 Pipeline Register Optimization
Phase 3.7 Pipeline Register Optimization | Checksum: 25a4d65d4

Time (s): cpu = 00:00:08 ; elapsed = 00:00:04 . Memory (MB): peak = 3004.918 ; gain = 39.043 ; free physical = 7978 ; free virtual = 12554
Phase 3 Detail Placement | Checksum: 25a4d65d4

Time (s): cpu = 00:00:08 ; elapsed = 00:00:04 . Memory (MB): peak = 3004.918 ; gain = 39.043 ; free physical = 7978 ; free virtual = 12554

Phase 4 Post Placement Optimization and Clean-Up

Phase 4.1 Post Commit Optimization
INFO: [Timing 38-35] Done setting XDC timing constraints.

Phase 4.1.1 Post Placement Optimization
Post Placement Optimization Initialization | Checksum: 2395ff57c

Phase 4.1.1.1 BUFG Insertion

Starting Physical Synthesis Task

Phase 1 Physical Synthesis Initialization
INFO: [Physopt 32-721] Multithreading enabled for phys_opt_design using a maximum of 8 CPUs
INFO: [Physopt 32-619] Estimated Timing Summary | WNS=3.174 | TNS=0.000 |
Phase 1 Physical Synthesis Initialization | Checksum: 25e314d4b

Time (s): cpu = 00:00:00.07 ; elapsed = 00:00:00.04 . Memory (MB): peak = 3004.918 ; gain = 0.000 ; free physical = 7978 ; free virtual = 12554
INFO: [Place 46-56] BUFG insertion identified 0 candidate nets. Inserted BUFG: 0, Replicated BUFG Driver: 0, Skipped due to Placement/Routing Conflicts: 0, Skipped due to Timing Degradation: 0, Skipped due to netlist editing failed: 0.
Ending Physical Synthesis Task | Checksum: 2753afa7e

Time (s): cpu = 00:00:00.08 ; elapsed = 00:00:00.05 . Memory (MB): peak = 3004.918 ; gain = 0.000 ; free physical = 7978 ; free virtual = 12554
Phase 4.1.1.1 BUFG Insertion | Checksum: 2395ff57c

Time (s): cpu = 00:00:09 ; elapsed = 00:00:04 . Memory (MB): peak = 3004.918 ; gain = 39.043 ; free physical = 7978 ; free virtual = 12554

Phase 4.1.1.2 Post Placement Timing Optimization
INFO: [Place 30-746] Post Placement Timing Summary WNS=3.174. For the most accurate timing information please run report_timing.
Phase 4.1.1.2 Post Placement Timing Optimization | Checksum: 20241b407

Time (s): cpu = 00:00:09 ; elapsed = 00:00:04 . Memory (MB): peak = 3004.918 ; gain = 39.043 ; free physical = 7978 ; free virtual = 12554

Time (s): cpu = 00:00:09 ; elapsed = 00:00:04 . Memory (MB): peak = 3004.918 ; gain = 39.043 ; free physical = 7978 ; free virtual = 12554
Phase 4.1 Post Commit Optimization | Checksum: 20241b407

Time (s): cpu = 00:00:09 ; elapsed = 00:00:04 . Memory (MB): peak = 3004.918 ; gain = 39.043 ; free physical = 7978 ; free virtual = 12554

Phase 4.2 Post Placement Cleanup
Phase 4.2 Post Placement Cleanup | Checksum: 20241b407

Time (s): cpu = 00:00:09 ; elapsed = 00:00:04 . Memory (MB): peak = 3004.918 ; gain = 39.043 ; free physical = 7978 ; free virtual = 12554

Phase 4.3 Placer Reporting

Phase 4.3.1 Print Estimated Congestion
INFO: [Place 30-612] Post-Placement Estimated Congestion 
 ____________________________________________________
|           | Global Congestion | Short Congestion  |
| Direction | Region Size       | Region Size       |
|___________|___________________|___________________|
|      North|                1x1|                1x1|
|___________|___________________|___________________|
|      South|                1x1|                1x1|
|___________|___________________|___________________|
|       East|                1x1|                1x1|
|___________|___________________|___________________|
|       West|                1x1|                1x1|
|___________|___________________|___________________|

Phase 4.3.1 Print Estimated Congestion | Checksum: 20241b407

Time (s): cpu = 00:00:09 ; elapsed = 00:00:04 . Memory (MB): peak = 3004.918 ; gain = 39.043 ; free physical = 7978 ; free virtual = 12554
Phase 4.3 Placer Reporting | Checksum: 20241b407

Time (s): cpu = 00:00:09 ; elapsed = 00:00:04 . Memory (MB): peak = 3004.918 ; gain = 39.043 ; free physical = 7978 ; free virtual = 12554

Phase 4.4 Final Placement Cleanup
Netlist sorting complete. Time (s): cpu = 00:00:00 ; elapsed = 00:00:00 . Memory (MB): peak = 3004.918 ; gain = 0.000 ; free physical = 7978 ; free virtual = 12554

Time (s): cpu = 00:00:09 ; elapsed = 00:00:04 . Memory (MB): peak = 3004.918 ; gain = 39.043 ; free physical = 7978 ; free virtual = 12554
Phase 4 Post Placement Optimization and Clean-Up | Checksum: 229d7d833

Time (s): cpu = 00:00:09 ; elapsed = 00:00:04 . Memory (MB): peak = 3004.918 ; gain = 39.043 ; free physical = 7978 ; free virtual = 12554
Ending Placer Task | Checksum: 19d6dfe48

Time (s): cpu = 00:00:09 ; elapsed = 00:00:04 . Memory (MB): peak = 3004.918 ; gain = 39.043 ; free physical = 7978 ; free virtual = 12554
29 Infos, 0 Warnings, 0 Critical Warnings and 0 Errors encountered.
place_design completed successfully
place_design: Time (s): cpu = 00:00:12 ; elapsed = 00:00:05 . Memory (MB): peak = 3004.918 ; gain = 39.043 ; free physical = 7978 ; free virtual = 12554
# write_checkpoint \
#     -force \
#     [file join $BUILD_DIR "post_place.dcp"]
INFO: [Timing 38-480] Writing timing data to binary archive.
Write ShapeDB Complete: Time (s): cpu = 00:00:00.01 ; elapsed = 00:00:00 . Memory (MB): peak = 3004.918 ; gain = 0.000 ; free physical = 7978 ; free virtual = 12554
Wrote PlaceDB: Time (s): cpu = 00:00:00.08 ; elapsed = 00:00:00.02 . Memory (MB): peak = 3004.918 ; gain = 0.000 ; free physical = 7978 ; free virtual = 12554
Wrote PulsedLatchDB: Time (s): cpu = 00:00:00 ; elapsed = 00:00:00 . Memory (MB): peak = 3004.918 ; gain = 0.000 ; free physical = 7978 ; free virtual = 12554
Writing XDEF routing.
Writing XDEF routing logical nets.
Writing XDEF routing special nets.
Wrote RouteStorage: Time (s): cpu = 00:00:00.16 ; elapsed = 00:00:00.1 . Memory (MB): peak = 3004.918 ; gain = 0.000 ; free physical = 7977 ; free virtual = 12554
Wrote Netlist Cache: Time (s): cpu = 00:00:00 ; elapsed = 00:00:00 . Memory (MB): peak = 3004.918 ; gain = 0.000 ; free physical = 7977 ; free virtual = 12554
Wrote Device Cache: Time (s): cpu = 00:00:00.01 ; elapsed = 00:00:00 . Memory (MB): peak = 3004.918 ; gain = 0.000 ; free physical = 7974 ; free virtual = 12551
Write Physdb Complete: Time (s): cpu = 00:00:00.25 ; elapsed = 00:00:00.13 . Memory (MB): peak = 3004.918 ; gain = 0.000 ; free physical = 7974 ; free virtual = 12551
INFO: [Common 17-1381] The checkpoint '/home/sean/Basic_SoC_implementation/1_RTL/2_TINY_PROJECT/UART/vivado_hw/post_place.dcp' has been generated.
# banner "STEP 8 : route_design"

============================================================
 STEP 8 : route_design
============================================================

# if {[catch {
# 
#     route_design
# 
# } err]} {
# 
#     fail "route_design failed: $err"
# }
Command: route_design
Attempting to get a license for feature 'Implementation' and/or device 'xc7z020'
INFO: [Common 17-349] Got license for feature 'Implementation' and/or device 'xc7z020'


Starting Routing Task
INFO: [Route 35-254] Multithreading enabled for route_design using a maximum of 8 CPUs

Phase 1 Build RT Design
Checksum: PlaceDB: c49855a3 ConstDB: 0 ShapeSum: c2dc35b5 RouteDB: 15f972f0
Post Restoration Checksum: NetGraph: fb7dbc68 | NumContArr: d855a54a | Constraints: c2a8fa9d | Timing: c2a8fa9d
Phase 1 Build RT Design | Checksum: 3592556ec

Time (s): cpu = 00:00:24 ; elapsed = 00:00:20 . Memory (MB): peak = 3004.918 ; gain = 0.000 ; free physical = 7987 ; free virtual = 12564

Phase 2 Router Initialization

Phase 2.1 Fix Topology Constraints
Phase 2.1 Fix Topology Constraints | Checksum: 3592556ec

Time (s): cpu = 00:00:24 ; elapsed = 00:00:20 . Memory (MB): peak = 3004.918 ; gain = 0.000 ; free physical = 7987 ; free virtual = 12564

Phase 2.2 Pre Route Cleanup
Phase 2.2 Pre Route Cleanup | Checksum: 3592556ec

Time (s): cpu = 00:00:24 ; elapsed = 00:00:20 . Memory (MB): peak = 3004.918 ; gain = 0.000 ; free physical = 7987 ; free virtual = 12564
 Number of Nodes with overlaps = 0

Phase 2.3 Update Timing
Phase 2.3 Update Timing | Checksum: 2123f4469

Time (s): cpu = 00:00:25 ; elapsed = 00:00:20 . Memory (MB): peak = 3004.918 ; gain = 0.000 ; free physical = 7979 ; free virtual = 12555
INFO: [Route 35-416] Intermediate Timing Summary | WNS=3.109  | TNS=0.000  | WHS=-0.099 | THS=-4.249 |


Router Utilization Summary
  Global Vertical Routing Utilization    = 0 %
  Global Horizontal Routing Utilization  = 0 %
  Routable Net Status*
  *Does not include unroutable nets such as driverless and loadless.
  Run report_route_status for detailed report.
  Number of Failed Nets               = 358
    (Failed Nets is the sum of unrouted and partially routed nets)
  Number of Unrouted Nets             = 358
  Number of Partially Routed Nets     = 0
  Number of Node Overlaps             = 0

Phase 2 Router Initialization | Checksum: 1c69728b3

Time (s): cpu = 00:00:26 ; elapsed = 00:00:21 . Memory (MB): peak = 3004.918 ; gain = 0.000 ; free physical = 7979 ; free virtual = 12555

Phase 3 Global Routing
Phase 3 Global Routing | Checksum: 1c69728b3

Time (s): cpu = 00:00:26 ; elapsed = 00:00:21 . Memory (MB): peak = 3004.918 ; gain = 0.000 ; free physical = 7979 ; free virtual = 12555

Phase 4 Initial Routing

Phase 4.1 Initial Net Routing Pass
Phase 4.1 Initial Net Routing Pass | Checksum: 30b21f571

Time (s): cpu = 00:00:27 ; elapsed = 00:00:21 . Memory (MB): peak = 3004.918 ; gain = 0.000 ; free physical = 7979 ; free virtual = 12555
Phase 4 Initial Routing | Checksum: 30b21f571

Time (s): cpu = 00:00:27 ; elapsed = 00:00:21 . Memory (MB): peak = 3004.918 ; gain = 0.000 ; free physical = 7979 ; free virtual = 12555

Phase 5 Rip-up And Reroute

Phase 5.1 Global Iteration 0
 Number of Nodes with overlaps = 47
 Number of Nodes with overlaps = 7
 Number of Nodes with overlaps = 0
INFO: [Route 35-416] Intermediate Timing Summary | WNS=2.629  | TNS=0.000  | WHS=N/A    | THS=N/A    |

Phase 5.1 Global Iteration 0 | Checksum: 2449fe9a4

Time (s): cpu = 00:00:27 ; elapsed = 00:00:21 . Memory (MB): peak = 3004.918 ; gain = 0.000 ; free physical = 7979 ; free virtual = 12555

Phase 5.2 Global Iteration 1
 Number of Nodes with overlaps = 0
INFO: [Route 35-416] Intermediate Timing Summary | WNS=2.629  | TNS=0.000  | WHS=N/A    | THS=N/A    |

Phase 5.2 Global Iteration 1 | Checksum: 2707d2320

Time (s): cpu = 00:00:27 ; elapsed = 00:00:21 . Memory (MB): peak = 3004.918 ; gain = 0.000 ; free physical = 7979 ; free virtual = 12555
Phase 5 Rip-up And Reroute | Checksum: 2707d2320

Time (s): cpu = 00:00:27 ; elapsed = 00:00:21 . Memory (MB): peak = 3004.918 ; gain = 0.000 ; free physical = 7979 ; free virtual = 12555

Phase 6 Delay and Skew Optimization

Phase 6.1 Delay CleanUp
Phase 6.1 Delay CleanUp | Checksum: 2707d2320

Time (s): cpu = 00:00:27 ; elapsed = 00:00:21 . Memory (MB): peak = 3004.918 ; gain = 0.000 ; free physical = 7979 ; free virtual = 12555

Phase 6.2 Clock Skew Optimization
Phase 6.2 Clock Skew Optimization | Checksum: 2707d2320

Time (s): cpu = 00:00:27 ; elapsed = 00:00:21 . Memory (MB): peak = 3004.918 ; gain = 0.000 ; free physical = 7979 ; free virtual = 12555
Phase 6 Delay and Skew Optimization | Checksum: 2707d2320

Time (s): cpu = 00:00:27 ; elapsed = 00:00:21 . Memory (MB): peak = 3004.918 ; gain = 0.000 ; free physical = 7979 ; free virtual = 12555

Phase 7 Post Hold Fix

Phase 7.1 Hold Fix Iter
INFO: [Route 35-416] Intermediate Timing Summary | WNS=2.784  | TNS=0.000  | WHS=0.165  | THS=0.000  |

Phase 7.1 Hold Fix Iter | Checksum: 2ad9d82e8

Time (s): cpu = 00:00:27 ; elapsed = 00:00:21 . Memory (MB): peak = 3004.918 ; gain = 0.000 ; free physical = 7979 ; free virtual = 12555
Phase 7 Post Hold Fix | Checksum: 2ad9d82e8

Time (s): cpu = 00:00:27 ; elapsed = 00:00:21 . Memory (MB): peak = 3004.918 ; gain = 0.000 ; free physical = 7979 ; free virtual = 12555

Phase 8 Route finalize

Router Utilization Summary
  Global Vertical Routing Utilization    = 0.0445273 %
  Global Horizontal Routing Utilization  = 0.0414131 %
  Routable Net Status*
  *Does not include unroutable nets such as driverless and loadless.
  Run report_route_status for detailed report.
  Number of Failed Nets               = 0
    (Failed Nets is the sum of unrouted and partially routed nets)
  Number of Unrouted Nets             = 0
  Number of Partially Routed Nets     = 0
  Number of Node Overlaps             = 0

Phase 8 Route finalize | Checksum: 2ad9d82e8

Time (s): cpu = 00:00:27 ; elapsed = 00:00:21 . Memory (MB): peak = 3004.918 ; gain = 0.000 ; free physical = 7979 ; free virtual = 12555

Phase 9 Verifying routed nets

 Verification completed successfully
Phase 9 Verifying routed nets | Checksum: 2ad9d82e8

Time (s): cpu = 00:00:27 ; elapsed = 00:00:21 . Memory (MB): peak = 3004.918 ; gain = 0.000 ; free physical = 7979 ; free virtual = 12555

Phase 10 Depositing Routes
Phase 10 Depositing Routes | Checksum: 259eee99b

Time (s): cpu = 00:00:28 ; elapsed = 00:00:21 . Memory (MB): peak = 3004.918 ; gain = 0.000 ; free physical = 7978 ; free virtual = 12555

Phase 11 Post Process Routing
Phase 11 Post Process Routing | Checksum: 259eee99b

Time (s): cpu = 00:00:28 ; elapsed = 00:00:21 . Memory (MB): peak = 3004.918 ; gain = 0.000 ; free physical = 7978 ; free virtual = 12555

Phase 12 Post Router Timing
INFO: [Route 35-57] Estimated Timing Summary | WNS=2.784  | TNS=0.000  | WHS=0.165  | THS=0.000  |

INFO: [Route 35-327] The final timing numbers are based on the router estimated timing analysis. For a complete and accurate timing signoff, please run report_timing_summary.
Phase 12 Post Router Timing | Checksum: 259eee99b

Time (s): cpu = 00:00:28 ; elapsed = 00:00:21 . Memory (MB): peak = 3004.918 ; gain = 0.000 ; free physical = 7978 ; free virtual = 12555
Total Elapsed time in route_design: 21.33 secs

Phase 13 Post-Route Event Processing
Phase 13 Post-Route Event Processing | Checksum: 1278ca34f

Time (s): cpu = 00:00:28 ; elapsed = 00:00:21 . Memory (MB): peak = 3004.918 ; gain = 0.000 ; free physical = 7978 ; free virtual = 12555
INFO: [Route 35-16] Router Completed Successfully
Ending Routing Task | Checksum: 1278ca34f

Time (s): cpu = 00:00:28 ; elapsed = 00:00:21 . Memory (MB): peak = 3004.918 ; gain = 0.000 ; free physical = 7978 ; free virtual = 12555

Routing Is Done.
INFO: [Common 17-83] Releasing license: Implementation
10 Infos, 0 Warnings, 0 Critical Warnings and 0 Errors encountered.
route_design completed successfully
route_design: Time (s): cpu = 00:00:28 ; elapsed = 00:00:21 . Memory (MB): peak = 3004.918 ; gain = 0.000 ; free physical = 7978 ; free virtual = 12555
# write_checkpoint \
#     -force \
#     [file join $BUILD_DIR "post_route.dcp"]
INFO: [Timing 38-480] Writing timing data to binary archive.
Write ShapeDB Complete: Time (s): cpu = 00:00:00.01 ; elapsed = 00:00:00.01 . Memory (MB): peak = 3004.918 ; gain = 0.000 ; free physical = 7978 ; free virtual = 12555
Wrote PlaceDB: Time (s): cpu = 00:00:00.1 ; elapsed = 00:00:00.04 . Memory (MB): peak = 3004.918 ; gain = 0.000 ; free physical = 7978 ; free virtual = 12555
Wrote PulsedLatchDB: Time (s): cpu = 00:00:00 ; elapsed = 00:00:00 . Memory (MB): peak = 3004.918 ; gain = 0.000 ; free physical = 7978 ; free virtual = 12555
Writing XDEF routing.
Writing XDEF routing logical nets.
Writing XDEF routing special nets.
Wrote RouteStorage: Time (s): cpu = 00:00:00.06 ; elapsed = 00:00:00.04 . Memory (MB): peak = 3004.918 ; gain = 0.000 ; free physical = 7978 ; free virtual = 12555
Wrote Netlist Cache: Time (s): cpu = 00:00:00.01 ; elapsed = 00:00:00 . Memory (MB): peak = 3004.918 ; gain = 0.000 ; free physical = 7978 ; free virtual = 12555
Wrote Device Cache: Time (s): cpu = 00:00:00.01 ; elapsed = 00:00:00.01 . Memory (MB): peak = 3004.918 ; gain = 0.000 ; free physical = 7977 ; free virtual = 12555
Write Physdb Complete: Time (s): cpu = 00:00:00.18 ; elapsed = 00:00:00.09 . Memory (MB): peak = 3004.918 ; gain = 0.000 ; free physical = 7977 ; free virtual = 12555
INFO: [Common 17-1381] The checkpoint '/home/sean/Basic_SoC_implementation/1_RTL/2_TINY_PROJECT/UART/vivado_hw/post_route.dcp' has been generated.
# puts ""

# puts "IMPLEMENTATION COMPLETE"
IMPLEMENTATION COMPLETE
# banner "STEP 9 : Reports"

============================================================
 STEP 9 : Reports
============================================================

# report_drc \
#     -file \
#     [file join $BUILD_DIR "drc.rpt"]
Command: report_drc -file /home/sean/Basic_SoC_implementation/1_RTL/2_TINY_PROJECT/UART/vivado_hw/drc.rpt
INFO: [IP_Flow 19-234] Refreshing IP repositories
INFO: [IP_Flow 19-1704] No user IP repositories specified
INFO: [IP_Flow 19-2313] Loaded Vivado IP repository '/home/sean/Vivado/2024.2/data/ip'.
INFO: [DRC 23-27] Running DRC with 8 threads
INFO: [Vivado_Tcl 2-168] The results of DRC are in file /home/sean/Basic_SoC_implementation/1_RTL/2_TINY_PROJECT/UART/vivado_hw/drc.rpt.
report_drc completed successfully
report_drc: Time (s): cpu = 00:00:17 ; elapsed = 00:00:06 . Memory (MB): peak = 3004.918 ; gain = 0.000 ; free physical = 7937 ; free virtual = 12514
# report_timing_summary \
#     -file \
#     [file join $BUILD_DIR "timing_summary.rpt"]
INFO: [Timing 38-91] UpdateTimingParams: Speed grade: -1, Delay Type: min_max.
INFO: [Timing 38-191] Multithreading enabled for timing update using a maximum of 8 CPUs
# report_utilization \
#     -file \
#     [file join $BUILD_DIR "post_route_utilization.rpt"]
# puts "Report directory:"
Report directory:
# puts "  $BUILD_DIR"
  /home/sean/Basic_SoC_implementation/1_RTL/2_TINY_PROJECT/UART/vivado_hw
# banner "STEP 10 : Generate Bitstream"

============================================================
 STEP 10 : Generate Bitstream
============================================================

# set BIT_FILE \
#     [file join $BUILD_DIR "zybo_uart_top.bit"]
# if {[catch {
# 
#     write_bitstream \
#         -force \
#         $BIT_FILE
# 
# } err]} {
# 
#     fail "write_bitstream failed: $err"
# }
Command: write_bitstream -force /home/sean/Basic_SoC_implementation/1_RTL/2_TINY_PROJECT/UART/vivado_hw/zybo_uart_top.bit
Attempting to get a license for feature 'Implementation' and/or device 'xc7z020'
INFO: [Common 17-349] Got license for feature 'Implementation' and/or device 'xc7z020'
Running DRC as a precondition to command write_bitstream
INFO: [IP_Flow 19-1839] IP Catalog is up to date.
INFO: [DRC 23-27] Running DRC with 8 threads
INFO: [Vivado 12-3199] DRC finished with 0 Errors
INFO: [Vivado 12-3200] Please refer to the DRC report (report_drc) for more information.
INFO: [Designutils 20-2272] Running write_bitstream with 8 threads.
Loading data files...
Loading site data...
Loading route data...
Processing options...
Creating bitmap...
Creating bitstream...
Writing bitstream /home/sean/Basic_SoC_implementation/1_RTL/2_TINY_PROJECT/UART/vivado_hw/zybo_uart_top.bit...
INFO: [Vivado 12-1842] Bitgen Completed Successfully.
INFO: [Project 1-1876] WebTalk data collection is mandatory when using a ULT device. To see the specific WebTalk data collected for your design, open the usage_statistics_webtalk.html or usage_statistics_webtalk.xml file in the implementation directory.
INFO: [Common 17-83] Releasing license: Implementation
9 Infos, 0 Warnings, 0 Critical Warnings and 0 Errors encountered.
write_bitstream completed successfully
write_bitstream: Time (s): cpu = 00:00:26 ; elapsed = 00:00:22 . Memory (MB): peak = 3333.340 ; gain = 328.422 ; free physical = 7524 ; free virtual = 12105
# if {![file exists $BIT_FILE]} {
# 
#     fail "Bitstream file was not created: $BIT_FILE"
# }
# puts ""

# puts "BITSTREAM CREATED"
BITSTREAM CREATED
# puts "  $BIT_FILE"
  /home/sean/Basic_SoC_implementation/1_RTL/2_TINY_PROJECT/UART/vivado_hw/zybo_uart_top.bit
# banner "STEP 11 : Open Hardware Manager"

============================================================
 STEP 11 : Open Hardware Manager
============================================================

# if {[catch {
# 
#     open_hw_manager
# 
# } err]} {
# 
#     fail "open_hw_manager failed: $err"
# }
# if {[catch {
# 
#     connect_hw_server \
#         -url localhost:3121
# 
# } err]} {
# 
#     fail "connect_hw_server failed: $err"
# }
INFO: [Labtools 27-2285] Connecting to hw_server url TCP:localhost:3121
INFO: [Labtools 27-3415] Connecting to cs_server url TCP:localhost:0
INFO: [Labtools 27-3417] Launching cs_server...
INFO: [Labtools 27-2221] Launch Output:


******** Xilinx cs_server v2024.2.0
  ****** Build date   : Oct 31 2024-03:19:07
    **** Build number : 2024.2.1730312347
      ** Copyright 2017-2022 Xilinx, Inc. All Rights Reserved.
      ** Copyright 2022-2026 Advanced Micro Devices, Inc. All Rights Reserved.




============================================================
 ERROR
 connect_hw_server failed: ERROR: [Labtoolstcl 44-494] There is no active target available for server at localhost:3121.
 Targets(s) ", jsn-Zybo Z7-210351BE7CD8A" may be locked by another hw_server.

============================================================

INFO: [Common 17-206] Exiting Vivado at Sun Sep 27 17:11:45 2026...
