###############################################################
#  Generated by:      Cadence Innovus 22.17-s086_1
#  OS:                Linux x86_64(Host ID kopo-seongnam)
#  Generated on:      Thu Jul  9 06:08:07 2026
#  Design:            digtimer
#  Command:           check_drc
###############################################################
#set_verify_drc_mode -check_ndr_spacing auto -check_only default -check_same_via_cell true -disable_rules "" -exclude_pg_net false -ignore_cell_blockage false -ignore_trial_route false -limit 1000 -report digtimer.drc.rpt -use_min_spacing_on_block_obs auto

SHORT: ( Metal Short ) Special Wire of Net VDD & Pin of Cell ut_min/g1069__7482  ( Metal1 )
Bounds : ( 2.600, 29.960 ) ( 38.800, 30.080 )


SHORT: ( Metal Short ) Special Wire of Net VSS & Pin of Cell ctrl_hour/dec_ones/g2__7098  ( Metal1 )
Bounds : ( 2.600, 28.250 ) ( 38.800, 28.370 )


SHORT: ( Metal Short ) Special Wire of Net VDD & Pin of Cell ctrl_min/fnd_sel_reg[0]  ( Metal1 )
Bounds : ( 2.600, 26.540 ) ( 38.800, 26.660 )


SHORT: ( Metal Short ) Special Wire of Net VSS & Pin of Cell ut_sec/g1004__4733  ( Metal1 )
Bounds : ( 2.600, 24.830 ) ( 38.800, 24.950 )


SHORT: ( Metal Short ) Special Wire of Net VDD & Pin of Cell ut_sec/cnt_reg[1]  ( Metal1 )
Bounds : ( 2.600, 23.120 ) ( 38.800, 23.240 )


SHORT: ( Metal Short ) Special Wire of Net VSS & Pin of Cell ut_sec/g993__1617  ( Metal1 )
Bounds : ( 2.600, 21.410 ) ( 38.800, 21.530 )


SHORT: ( Metal Short ) Special Wire of Net VSS & Pin of Cell ctrl_min/FE_OFC11_out_ones_4  ( Metal1 )
Bounds : ( 2.600, 31.670 ) ( 38.800, 31.790 )


SHORT: ( Metal Short ) Special Wire of Net VDD & Pin of Cell ut_hour/g867__4733  ( Metal1 )
Bounds : ( 2.600, 33.380 ) ( 38.800, 33.500 )


SHORT: ( Metal Short ) Special Wire of Net VSS & Pin of Cell ctrl_min/dec_ones/FE_OFC0_n_23  ( Metal1 )
Bounds : ( 2.600, 35.090 ) ( 38.800, 35.210 )


SHORT: ( Metal Short ) Special Wire of Net VDD & Pin of Cell ctrl_min/dec_tens/g182__9945  ( Metal1 )
Bounds : ( 2.600, 36.800 ) ( 38.800, 36.920 )


SHORT: ( Metal Short ) Special Wire of Net VSS & Pin of Cell ctrl_min/FE_OFC12_out_tens_7  ( Metal1 )
Bounds : ( 2.600, 38.510 ) ( 38.800, 38.630 )


SHORT: ( Metal Short ) Regular Wire of Net rst & Regular Wire of Net clk  ( Metal2 )
Bounds : ( 4.105, 30.835 ) ( 4.140, 30.915 )


SHORT: ( Metal Short ) Special Wire of Net VDD & Pin of Cell ut_sec/cnt_reg[7]  ( Metal1 )
Bounds : ( 2.600, 19.700 ) ( 38.800, 19.820 )


SHORT: ( Metal Short ) Special Wire of Net VSS & Pin of Cell ut_sec/g995__1705  ( Metal1 )
Bounds : ( 2.600, 17.990 ) ( 38.800, 18.110 )


SHORT: ( Metal Short ) Special Wire of Net VDD & Pin of Cell ut_min/g1064__8246  ( Metal1 )
Bounds : ( 2.600, 16.280 ) ( 38.800, 16.400 )


SHORT: ( Metal Short ) Special Wire of Net VSS & Pin of Cell ctrl_sec/dec_ones/g320__9945  ( Metal1 )
Bounds : ( 2.600, 14.570 ) ( 38.800, 14.690 )


SHORT: ( Metal Short ) Special Wire of Net VDD & Pin of Cell ctrl_sec/dec_ones/FE_OFC6_n_24  ( Metal1 )
Bounds : ( 2.600, 12.860 ) ( 38.800, 12.980 )


SHORT: ( Metal Short ) Special Wire of Net VSS & Pin of Cell ut_sec/inc_add_26_24_g220__5115  ( Metal1 )
Bounds : ( 2.600, 11.150 ) ( 38.800, 11.270 )


SHORT: ( Metal Short ) Special Wire of Net VDD & Pin of Cell ut_sec/g1018__6260  ( Metal1 )
Bounds : ( 2.600, 9.440 ) ( 38.800, 9.560 )


SHORT: ( Metal Short ) Special Wire of Net VSS & Pin of Cell ut_sec/inc_add_26_24_g217__7098  ( Metal1 )
Bounds : ( 2.600, 7.730 ) ( 38.800, 7.850 )


SHORT: ( Metal Short ) Special Wire of Net VDD & Pin of Cell ctrl_sec/dec_tens/g182__5122  ( Metal1 )
Bounds : ( 2.600, 6.020 ) ( 38.800, 6.140 )


SHORT: ( Metal Short ) Special Wire of Net VSS & Pin of Cell ctrl_sec/dec_tens/g186  ( Metal1 )
Bounds : ( 2.600, 4.310 ) ( 38.800, 4.430 )


SHORT: ( Metal Short ) Special Wire of Net VDD & Pin of Cell FILLER_T_0_1  ( Metal1 )
Bounds : ( 2.600, 2.600 ) ( 38.800, 2.720 )


  Total Violations : 23 Viols.
