============================================================
  Generated by:           Genus(TM) Synthesis Solution 22.17-s071_1
  Generated on:           Jul 09 2026  06:44:21 am
  Module:                 digtimer
  Technology library:     slow_vdd1v0 1.0
  Operating conditions:   PVT_0P9V_125C (balanced_tree)
  Wireload mode:          enclosed
  Area mode:              timing library
============================================================

  Instance       Module      Cell Count  Cell Area  Net Area   Total Area   Wireload  
--------------------------------------------------------------------------------------
digtimer                            347    906.984     0.000      906.984 <none> (D)  
  ctrl_hour  digit_ctrl_2            40    100.890     0.000      100.890 <none> (D)  
    dec_ones seven_seg_5             17     23.940     0.000       23.940 <none> (D)  
  ctrl_min   digit_ctrl_36           71    161.082     0.000      161.082 <none> (D)  
    dec_ones seven_seg_5_70          20     25.992     0.000       25.992 <none> (D)  
    dec_tens seven_seg_68            13     17.100     0.000       17.100 <none> (D)  
  ctrl_sec   digit_ctrl              71    161.082     0.000      161.082 <none> (D)  
    dec_ones seven_seg_5_69          20     25.992     0.000       25.992 <none> (D)  
    dec_tens seven_seg               13     17.100     0.000       17.100 <none> (D)  
  ut_hour    hour                    29     93.708     0.000       93.708 <none> (D)  
  ut_min     minute                  39    120.384     0.000      120.384 <none> (D)  
  ut_sec     second                  97    269.838     0.000      269.838 <none> (D)  
  (D) = wireload is default in technology library
