============================================================
  Generated by:           Genus(TM) Synthesis Solution 22.17-s071_1
  Generated on:           Jul 09 2026  06:44:21 am
  Module:                 digtimer
  Technology library:     slow_vdd1v0 1.0
  Operating conditions:   PVT_0P9V_125C (balanced_tree)
  Wireload mode:          enclosed
  Area mode:              timing library
============================================================

Timing
--------

Clock  Period 
--------------
clk   10000.0 


  Cost    Critical         Violating 
 Group   Path Slack  TNS     Paths   
-------------------------------------
clk          7696.6   0.0          0 
default    No paths   0.0            
-------------------------------------
Total                 0.0          0 

Instance Count
--------------
Leaf Instance Count             347 
Physical Instance count           0 
Sequential Instance Count        74 
Combinational Instance Count    273 
Hierarchical Instance Count      11 

Area
----
Cell Area                          906.984
Physical Cell Area                 0.000
Total Cell Area (Cell+Physical)    906.984
Net Area                           0.000
Total Area (Cell+Physical+Net)     906.984

Max Fanout                         74 (clk)
Min Fanout                         0 (rst)
Average Fanout                     2.5
Terms to net ratio                 3.6131
Terms to instance ratio            3.8213
Runtime                            29.071915 seconds
Elapsed Runtime                    30 seconds
Genus peak memory usage            1793.36 
Innovus peak memory usage          no_value 
Hostname                           localhost
