xmelab(64): 22.03-s012: (c) Copyright 1995-2023 Cadence Design Systems, Inc.
TOOL:	xmelab(64)	22.03-s012: Started on Jul 02, 2026 at 01:59:35 KST
xmelab
    -MESS
    -access rwc
    tb_filp_flop

	Elaborating the design hierarchy:
		Caching library 'work_lib' ....... Done
	Building instance overlay tables: .................... Done
	Generating native compiled code:
		work_lib.filp_flop:module <0x2b8fe13c>
			streams:   3, words:  1005
		work_lib.tb_filp_flop:module <0x6989151a>
			streams:   6, words:  4817
	Building instance specific data structures.
	Loading native compiled code:     .................... Done
	Design hierarchy summary:
		             Instances  Unique
		Modules:             2       2
		Registers:           4       4
		Scalar wires:        2       -
		Vectored wires:      2       -
		Always blocks:       2       2
		Initial blocks:      2       2
		Pseudo assignments:  3       3
	Writing initial simulation snapshot: work_lib.tb_filp_flop:module
TOOL:	xmelab(64)	22.03-s012: Exiting on Jul 02, 2026 at 01:59:35 KST  (total: 00:00:00)
