xrun(64): 22.03-s012: (c) Copyright 1995-2023 Cadence Design Systems, Inc.
TOOL:	xrun(64)	22.03-s012: Started on Sep 23, 2026 at 16:20:28 KST
xrun
	-64bit
	-timescale 1ns/10ps
	+max_err_count+50
	+define+function_sim
	+difine+PAD_TEST
	-access +rwc
	-profile
	-profthread
	+libext+.v
	../TESTBENCH/tb_uart.v
	../../RTL/uart_top.v
	/GPDK045/digital/giolib045_v3.5/vlog/pads_FF_s1vg.v
	/GPDK045/digital/gsclib045_all_v4.4/gsclib045_svt_v4.4/gsclib045/verilog/slow_vdd1v0_basicCells.v
	-l func_sim.log

   User defined plus("+") options:
	+difine+PAD_TEST

Loading snapshot worklib.tb_uart:v .................... Done
xcelium> source /tools/cadence/XCELIUM2203/tools/xcelium/files/xmsimrc
xcelium> run
Simulation complete via $finish(1) at time 220 NS + 0
../TESTBENCH/tb_uart.v:101     $finish;
xcelium> exit
TOOL:	xrun(64)	22.03-s012: Exiting on Sep 23, 2026 at 16:20:28 KST  (total: 00:00:00)
